"../../../Engine/Content/EditorResources/S_Actor.ubulk" 0
"../../../Engine/Content/EditorResources/S_Actor.uasset" 1
"../../../Engine/Content/EditorResources/S_Actor.uexp" 2
"../../../Engine/Content/EditorResources/S_BoxReflectionCapture.uasset" 3
"../../../Engine/Content/EditorResources/S_BoxReflectionCapture.uexp" 4
"../../../Engine/Content/EngineResources/DefaultTexture.ubulk" 5
"../../../Engine/Content/EngineResources/DefaultTexture.uasset" 6
"../../../Engine/Content/EngineResources/DefaultTexture.uexp" 7
"../../../Engine/Content/EngineResources/DefaultTextureCube.uasset" 8
"../../../Engine/Content/EngineResources/DefaultTextureCube.uexp" 9
"../../../Engine/Content/EngineResources/DefaultVolumeTexture2D.uasset" 10
"../../../Engine/Content/EngineResources/DefaultVolumeTexture2D.uexp" 11
"../../../Engine/Content/EngineResources/DefaultVolumeTexture.uasset" 12
"../../../Engine/Content/EngineResources/DefaultVolumeTexture.uexp" 13
"../../../Engine/Content/EditorResources/S_Trigger.ubulk" 14
"../../../Engine/Content/EditorResources/S_Trigger.uasset" 15
"../../../Engine/Content/EditorResources/S_Trigger.uexp" 16
"../../../Engine/Content/EditorResources/S_TriggerBox.uasset" 17
"../../../Engine/Content/EditorResources/S_TriggerBox.uexp" 18
"../../../Engine/Content/EditorResources/S_TriggerCapsule.uasset" 19
"../../../Engine/Content/EditorResources/S_TriggerCapsule.uexp" 20
"../../../Engine/Content/EditorResources/S_TriggerSphere.uasset" 21
"../../../Engine/Content/EditorResources/S_TriggerSphere.uexp" 22
"../../../Engine/Content/EngineMeshes/Sphere.uasset" 23
"../../../Engine/Content/EngineMeshes/Sphere.uexp" 24
"../../../Engine/Content/EngineResources/GradientTexture0.uasset" 25
"../../../Engine/Content/EngineResources/GradientTexture0.uexp" 26
"../../../Engine/Content/EngineResources/Black.uasset" 27
"../../../Engine/Content/EngineResources/Black.uexp" 28
"../../../Engine/Content/VREditor/LaserPointer/VR_LaserPower_01.ubulk" 29
"../../../Engine/Content/VREditor/LaserPointer/VR_LaserPower_01.uasset" 30
"../../../Engine/Content/VREditor/LaserPointer/VR_LaserPower_01.uexp" 31
"../../../Engine/Content/VREditor/TransformGizmo/TransformGizmoMaterial.uasset" 32
"../../../Engine/Content/VREditor/TransformGizmo/TransformGizmoMaterial.uexp" 33
"../../../Engine/Content/VREditor/TransformGizmo/TranslucentTransformGizmoMaterial.uasset" 34
"../../../Engine/Content/VREditor/TransformGizmo/TranslucentTransformGizmoMaterial.uexp" 35
"../../../Engine/Content/VREditor/TransformGizmo/PlaneTranslationHandle.uasset" 36
"../../../Engine/Content/VREditor/TransformGizmo/PlaneTranslationHandle.uexp" 37
"../../../Engine/Content/VREditor/TransformGizmo/BoundingBoxCorner.uasset" 38
"../../../Engine/Content/VREditor/TransformGizmo/BoundingBoxCorner.uexp" 39
"../../../Engine/Content/VREditor/TransformGizmo/BoundingBoxEdge.uasset" 40
"../../../Engine/Content/VREditor/TransformGizmo/BoundingBoxEdge.uexp" 41
"../../../Engine/Content/VREditor/TransformGizmo/Main.uasset" 42
"../../../Engine/Content/VREditor/TransformGizmo/Main.uexp" 43
"../../../Engine/Content/VREditor/TransformGizmo/Xray.uasset" 44
"../../../Engine/Content/VREditor/TransformGizmo/Xray.uexp" 45
"../../../Engine/Content/VREditor/TransformGizmo/SM_Sequencer_Node.uasset" 46
"../../../Engine/Content/VREditor/TransformGizmo/SM_Sequencer_Node.uexp" 47
"../../../Engine/Content/EditorMaterials/Camera/CineMat.uasset" 48
"../../../Engine/Content/EditorMaterials/Camera/CineMat.uexp" 49
"../../../Engine/Content/EditorMaterials/Camera/MI_CineMat_Rig.uasset" 50
"../../../Engine/Content/EditorMaterials/Camera/MI_CineMat_Rig.uexp" 51
"../../../Engine/Content/EditorMeshes/Camera/SM_CraneRig_Base.uasset" 52
"../../../Engine/Content/EditorMeshes/Camera/SM_CraneRig_Base.uexp" 53
"../../../Engine/Content/EditorMeshes/Camera/SM_CraneRig_Arm.uasset" 54
"../../../Engine/Content/EditorMeshes/Camera/SM_CraneRig_Arm.uexp" 55
"../../../Engine/Content/EditorMeshes/Camera/SM_CraneRig_Mount.uasset" 56
"../../../Engine/Content/EditorMeshes/Camera/SM_CraneRig_Mount.uexp" 57
"../../../Engine/Content/EditorMeshes/Camera/SM_CraneRig_Body.uasset" 58
"../../../Engine/Content/EditorMeshes/Camera/SM_CraneRig_Body.uexp" 59
"../../../Engine/Content/EditorMeshes/Camera/SM_RailRig_Track.uasset" 60
"../../../Engine/Content/EditorMeshes/Camera/SM_RailRig_Track.uexp" 61
"../../../Engine/Content/EditorMeshes/Camera/SM_RailRig_Mount.uasset" 62
"../../../Engine/Content/EditorMeshes/Camera/SM_RailRig_Mount.uexp" 63
"../../../Engine/Content/EngineMaterials/T_Default_Material_Grid_M.ubulk" 64
"../../../Engine/Content/EngineMaterials/T_Default_Material_Grid_M.uasset" 65
"../../../Engine/Content/EngineMaterials/T_Default_Material_Grid_M.uexp" 66
"../../../Engine/Content/EngineMaterials/T_Default_Material_Grid_N.ubulk" 67
"../../../Engine/Content/EngineMaterials/T_Default_Material_Grid_N.uasset" 68
"../../../Engine/Content/EngineMaterials/T_Default_Material_Grid_N.uexp" 69
"../../../Engine/Content/Functions/Engine_MaterialFunctions01/Opacity/CameraDepthFade.uasset" 70
"../../../Engine/Content/Functions/Engine_MaterialFunctions01/Opacity/CameraDepthFade.uexp" 71
"../../../Engine/Content/EngineMaterials/WorldGridMaterial.uasset" 72
"../../../Engine/Content/EngineMaterials/WorldGridMaterial.uexp" 73
"../../../Engine/Content/ArtTools/RenderToTexture/Meshes/S_1_Unit_Plane.uasset" 74
"../../../Engine/Content/ArtTools/RenderToTexture/Meshes/S_1_Unit_Plane.uexp" 75
"../../../Engine/Content/EditorMaterials/ParticleSystems/PSysThumbnail_NoImage.ubulk" 76
"../../../Engine/Content/EditorMaterials/ParticleSystems/PSysThumbnail_NoImage.uasset" 77
"../../../Engine/Content/EditorMaterials/ParticleSystems/PSysThumbnail_NoImage.uexp" 78
"../../../Engine/Content/EditorMaterials/ParticleSystems/PSysThumbnail_OOD.ubulk" 79
"../../../Engine/Content/EditorMaterials/ParticleSystems/PSysThumbnail_OOD.uasset" 80
"../../../Engine/Content/EditorMaterials/ParticleSystems/PSysThumbnail_OOD.uexp" 81
"../../../Engine/Content/EditorLandscapeResources/SplineEditorMeshMat.uasset" 82
"../../../Engine/Content/EditorLandscapeResources/SplineEditorMeshMat.uexp" 83
"../../../Engine/Content/EditorLandscapeResources/SplineEditorMesh.uasset" 84
"../../../Engine/Content/EditorLandscapeResources/SplineEditorMesh.uexp" 85
"../../../Engine/Content/EditorResources/S_Solver.ubulk" 86
"../../../Engine/Content/EditorResources/S_Solver.uasset" 87
"../../../Engine/Content/EditorResources/S_Solver.uexp" 88
"../../../Engine/Plugins/Media/MediaPlate/Content/SM_MediaPlateScreen.uasset" 89
"../../../Engine/Plugins/Media/MediaPlate/Content/SM_MediaPlateScreen.uexp" 90
"../../../Engine/Content/EngineMaterials/Good64x64TilingNoiseHighFreq.uasset" 91
"../../../Engine/Content/EngineMaterials/Good64x64TilingNoiseHighFreq.uexp" 92
"../../../Engine/Content/EngineMaterials/DefaultBokeh.uasset" 93
"../../../Engine/Content/EngineMaterials/DefaultBokeh.uexp" 94
"../../../Engine/Content/EngineMaterials/PreintegratedSkinBRDF.uasset" 95
"../../../Engine/Content/EngineMaterials/PreintegratedSkinBRDF.uexp" 96
"../../../Engine/Content/EngineMaterials/MiniFont.uasset" 97
"../../../Engine/Content/EngineMaterials/MiniFont.uexp" 98
"../../../Engine/Content/EngineMaterials/WeightMapPlaceholderTexture.uasset" 99
"../../../Engine/Content/EngineMaterials/WeightMapPlaceholderTexture.uexp" 100
"../../../Engine/Content/EngineMaterials/DefaultWhiteGrid.ubulk" 101
"../../../Engine/Content/EngineMaterials/DefaultWhiteGrid.uasset" 102
"../../../Engine/Content/EngineMaterials/DefaultWhiteGrid.uexp" 103
"../../../Engine/Content/Animation/DefaultRecorderBoneCompression.uasset" 104
"../../../Engine/Content/Animation/DefaultRecorderBoneCompression.uexp" 105
"../../../Engine/Content/Animation/DefaultAnimCurveCompressionSettings.uasset" 106
"../../../Engine/Content/Animation/DefaultAnimCurveCompressionSettings.uexp" 107
"../../../Engine/Content/Animation/DefaultAnimBoneCompressionSettings.uasset" 108
"../../../Engine/Content/Animation/DefaultAnimBoneCompressionSettings.uexp" 109
"../../../Engine/Content/EngineMaterials/DefaultMaterial.uasset" 110
"../../../Engine/Content/EngineMaterials/DefaultMaterial.uexp" 111
"../../../Engine/Content/BasicShapes/Sphere.uasset" 112
"../../../Engine/Content/BasicShapes/Sphere.uexp" 113
"../../../Engine/Content/BasicShapes/Plane.uasset" 114
"../../../Engine/Content/BasicShapes/Plane.uexp" 115
"../../../Engine/Content/BasicShapes/Cylinder.uasset" 116
"../../../Engine/Content/BasicShapes/Cylinder.uexp" 117
"../../../Engine/Content/BasicShapes/Cube.uasset" 118
"../../../Engine/Content/BasicShapes/Cube.uexp" 119
"../../../Engine/Content/BasicShapes/Cone.uasset" 120
"../../../Engine/Content/BasicShapes/Cone.uexp" 121
"../../../Engine/Content/EditorLandscapeResources/DefaultAlphaTexture.uasset" 122
"../../../Engine/Content/EditorLandscapeResources/DefaultAlphaTexture.uexp" 123
"../../../Engine/Content/EditorLandscapeResources/DataLayer.uasset" 124
"../../../Engine/Content/EditorLandscapeResources/DataLayer.uexp" 125
"../../../Engine/Content/EditorMaterials/PreviewShadowIndicator.ubulk" 126
"../../../Engine/Content/EditorMaterials/PreviewShadowIndicator.uasset" 127
"../../../Engine/Content/EditorMaterials/PreviewShadowIndicator.uexp" 128
"../../../Engine/Content/EditorMaterials/PreviewShadowIndicatorMaterial.uasset" 129
"../../../Engine/Content/EditorMaterials/PreviewShadowIndicatorMaterial.uexp" 130
"../../../Engine/Content/EditorMaterials/PhAT_UnselectedMaterial.uasset" 131
"../../../Engine/Content/EditorMaterials/PhAT_UnselectedMaterial.uexp" 132
"../../../Engine/Content/EditorMaterials/PhAT_NoCollisionMaterial.uasset" 133
"../../../Engine/Content/EditorMaterials/PhAT_NoCollisionMaterial.uexp" 134
"../../../Engine/Content/Functions/Engine_MaterialFunctions02/Utility/MakeFloat4.uasset" 135
"../../../Engine/Content/Functions/Engine_MaterialFunctions02/Utility/MakeFloat4.uexp" 136
"../../../Engine/Content/Functions/Engine_MaterialFunctions02/Utility/MakeFloat3.uasset" 137
"../../../Engine/Content/Functions/Engine_MaterialFunctions02/Utility/MakeFloat3.uexp" 138
"../../../Engine/Content/Functions/Engine_MaterialFunctions02/Utility/BreakOutFloat3Components.uasset" 139
"../../../Engine/Content/Functions/Engine_MaterialFunctions02/Utility/BreakOutFloat3Components.uexp" 140
"../../../Engine/Content/EditorMaterials/WorldPartition/WorldPartitionSpatialHashGridPreviewMaterial.uasset" 141
"../../../Engine/Content/EditorMaterials/WorldPartition/WorldPartitionSpatialHashGridPreviewMaterial.uexp" 142
"../../../Engine/Content/EditorResources/S_Terrain.ubulk" 143
"../../../Engine/Content/EditorResources/S_Terrain.uasset" 144
"../../../Engine/Content/EditorResources/S_Terrain.uexp" 145
"../../../Engine/Content/EditorResources/EmptyActor.uasset" 146
"../../../Engine/Content/EditorResources/EmptyActor.uexp" 147
"../../../Engine/Content/EditorResources/BSPVertex.uasset" 148
"../../../Engine/Content/EditorResources/BSPVertex.uexp" 149
"../../../Engine/Content/EditorResources/SequenceRecorder/RecordingIndicator.uasset" 150
"../../../Engine/Content/EditorResources/SequenceRecorder/RecordingIndicator.uexp" 151
"../../../Engine/Content/EditorResources/SequenceRecorder/Countdown.uasset" 152
"../../../Engine/Content/EditorResources/SequenceRecorder/Countdown.uexp" 153
"../../../Engine/Content/EngineDamageTypes/DmgTypeBP_Environmental.uasset" 154
"../../../Engine/Content/EngineDamageTypes/DmgTypeBP_Environmental.uexp" 155
"../../../Engine/Content/Functions/Engine_MaterialFunctions02/Utility/CameraDirectionVector.uasset" 156
"../../../Engine/Content/Functions/Engine_MaterialFunctions02/Utility/CameraDirectionVector.uexp" 157
"../../../Engine/Content/EngineDebugMaterials/VolumeToRender.uasset" 158
"../../../Engine/Content/EngineDebugMaterials/VolumeToRender.uexp" 159
"../../../Engine/Content/EngineDebugMaterials/M_VolumeRenderSphereTracePP.uasset" 160
"../../../Engine/Content/EngineDebugMaterials/M_VolumeRenderSphereTracePP.uexp" 161
"../../../Engine/Content/EngineDebugMaterials/M_SimpleUnlitTranslucent.uasset" 162
"../../../Engine/Content/EngineDebugMaterials/M_SimpleUnlitTranslucent.uexp" 163
"../../../Engine/Content/EngineDebugMaterials/DebugMeshMaterial.uasset" 164
"../../../Engine/Content/EngineDebugMaterials/DebugMeshMaterial.uexp" 165
"../../../Engine/Content/EngineDebugMaterials/DebugEditorMaterial.uasset" 166
"../../../Engine/Content/EngineDebugMaterials/DebugEditorMaterial.uexp" 167
"../../../Engine/Content/EngineFonts/Faces/RobotoLight.uexp" 168
"../../../Engine/Content/EngineFonts/Faces/RobotoLight.uasset" 169
"../../../Engine/Content/EngineFonts/Faces/RobotoLight.ufont" 170
"../../../Engine/Content/EngineFonts/Faces/RobotoBold.uexp" 171
"../../../Engine/Content/EngineFonts/Faces/RobotoBold.uasset" 172
"../../../Engine/Content/EngineFonts/Faces/RobotoBold.ufont" 173
"../../../Engine/Content/EngineFonts/Faces/RobotoRegular.uexp" 174
"../../../Engine/Content/EngineFonts/Faces/RobotoRegular.uasset" 175
"../../../Engine/Content/EngineFonts/Faces/RobotoRegular.ufont" 176
"../../../Engine/Content/EngineFonts/Faces/DroidSansFallback.uexp" 177
"../../../Engine/Content/EngineFonts/Faces/DroidSansFallback.uasset" 178
"../../../Engine/Content/EngineFonts/Faces/DroidSansFallback.ufont" 179
"../../../Engine/Content/EngineFonts/Faces/RobotoItalic.uexp" 180
"../../../Engine/Content/EngineFonts/Faces/RobotoItalic.uasset" 181
"../../../Engine/Content/EngineFonts/Faces/RobotoItalic.ufont" 182
"../../../Engine/Content/EngineFonts/Faces/RobotoBoldItalic.uexp" 183
"../../../Engine/Content/EngineFonts/Faces/RobotoBoldItalic.uasset" 184
"../../../Engine/Content/EngineFonts/Faces/RobotoBoldItalic.ufont" 185
"../../../Engine/Content/EngineFonts/Roboto.uasset" 186
"../../../Engine/Content/EngineFonts/Roboto.uexp" 187
"../../../Engine/Content/EngineResources/WhiteSquareTexture.uasset" 188
"../../../Engine/Content/EngineResources/WhiteSquareTexture.uexp" 189
"../../../Engine/Content/EngineMaterials/Widget3DPassThrough.uasset" 190
"../../../Engine/Content/EngineMaterials/Widget3DPassThrough.uexp" 191
"../../../Engine/Content/EngineMaterials/Widget3DPassThrough_Translucent.uasset" 192
"../../../Engine/Content/EngineMaterials/Widget3DPassThrough_Translucent.uexp" 193
"../../../Engine/Content/EngineMaterials/Widget3DPassThrough_Translucent_OneSided.uasset" 194
"../../../Engine/Content/EngineMaterials/Widget3DPassThrough_Translucent_OneSided.uexp" 195
"../../../Engine/Content/EngineMaterials/Widget3DPassThrough_Opaque.uasset" 196
"../../../Engine/Content/EngineMaterials/Widget3DPassThrough_Opaque.uexp" 197
"../../../Engine/Content/EngineMaterials/Widget3DPassThrough_Opaque_OneSided.uasset" 198
"../../../Engine/Content/EngineMaterials/Widget3DPassThrough_Opaque_OneSided.uexp" 199
"../../../Engine/Content/EngineMaterials/Widget3DPassThrough_Masked_OneSided.uasset" 200
"../../../Engine/Content/EngineMaterials/Widget3DPassThrough_Masked_OneSided.uexp" 201
"../../../Engine/Content/EngineMaterials/Widget3DPassThrough_Masked.uasset" 202
"../../../Engine/Content/EngineMaterials/Widget3DPassThrough_Masked.uexp" 203
"../../../Engine/Plugins/Runtime/MeshModelingToolset/Content/Materials/M_DynamicMeshComponentVtxColor.uasset" 204
"../../../Engine/Plugins/Runtime/MeshModelingToolset/Content/Materials/M_DynamicMeshComponentVtxColor.uexp" 205
"../../../Engine/Content/EngineMaterials/STBlueNoise_vec2_128x128x64.uasset" 206
"../../../Engine/Content/EngineMaterials/STBlueNoise_vec2_128x128x64.uexp" 207
"../../../Engine/Content/EngineMaterials/STBlueNoise_scalar_128x128x64.uasset" 208
"../../../Engine/Content/EngineMaterials/STBlueNoise_scalar_128x128x64.uexp" 209
"../../../Engine/Content/EngineMaterials/RemoveSurfaceMaterial.uasset" 210
"../../../Engine/Content/EngineMaterials/RemoveSurfaceMaterial.uexp" 211
"../../../Engine/Content/EngineMaterials/DefaultCalibrationGrayscale.uasset" 212
"../../../Engine/Content/EngineMaterials/DefaultCalibrationGrayscale.uexp" 213
"../../../Engine/Content/EngineMaterials/PPM_DefaultCalibrationGrayscale.uasset" 214
"../../../Engine/Content/EngineMaterials/PPM_DefaultCalibrationGrayscale.uexp" 215
"../../../Engine/Content/EngineMaterials/DefaultCalibrationColor.uasset" 216
"../../../Engine/Content/EngineMaterials/DefaultCalibrationColor.uexp" 217
"../../../Engine/Content/EngineMaterials/PPM_DefaultCalibrationColor.uasset" 218
"../../../Engine/Content/EngineMaterials/PPM_DefaultCalibrationColor.uexp" 219
"../../../Engine/Content/Functions/Engine_MaterialFunctions02/WorldPositionOffset/CameraOffset.uasset" 220
"../../../Engine/Content/Functions/Engine_MaterialFunctions02/WorldPositionOffset/CameraOffset.uexp" 221
"../../../Engine/Content/EngineMaterials/PhAT_JointLimitMaterial.uasset" 222
"../../../Engine/Content/EngineMaterials/PhAT_JointLimitMaterial.uexp" 223
"../../../Engine/Content/EngineMaterials/InvalidLightmapSettings.ubulk" 224
"../../../Engine/Content/EngineMaterials/InvalidLightmapSettings.uasset" 225
"../../../Engine/Content/EngineMaterials/InvalidLightmapSettings.uexp" 226
"../../../Engine/Content/EngineMaterials/M_InvalidLightmapSettings.uasset" 227
"../../../Engine/Content/EngineMaterials/M_InvalidLightmapSettings.uexp" 228
"../../../Engine/Plugins/Interchange/Runtime/Content/gltf/Textures/T_Gray_Linear.uasset" 229
"../../../Engine/Plugins/Interchange/Runtime/Content/gltf/Textures/T_Gray_Linear.uexp" 230
"../../../Engine/Plugins/Interchange/Runtime/Content/Materials/MapOrLinearColorFunction.uasset" 231
"../../../Engine/Plugins/Interchange/Runtime/Content/Materials/MapOrLinearColorFunction.uexp" 232
"../../../Engine/Content/EngineMaterials/DefaultNormal.ubulk" 233
"../../../Engine/Content/EngineMaterials/DefaultNormal.uasset" 234
"../../../Engine/Content/EngineMaterials/DefaultNormal.uexp" 235
"../../../Engine/Plugins/Interchange/Runtime/Content/Materials/MapOrScalarFunction.uasset" 236
"../../../Engine/Plugins/Interchange/Runtime/Content/Materials/MapOrScalarFunction.uexp" 237
"../../../Engine/Plugins/Interchange/Runtime/Content/Materials/MapOrColorFunction.uasset" 238
"../../../Engine/Plugins/Interchange/Runtime/Content/Materials/MapOrColorFunction.uexp" 239
"../../../Engine/Content/EngineMaterials/BaseFlattenLinearColor.uasset" 240
"../../../Engine/Content/EngineMaterials/BaseFlattenLinearColor.uexp" 241
"../../../Engine/Plugins/Interchange/Runtime/Content/Materials/CommonMaterial.uasset" 242
"../../../Engine/Plugins/Interchange/Runtime/Content/Materials/CommonMaterial.uexp" 243
"../../../Engine/Plugins/Interchange/Runtime/Content/Materials/PBRSurfaceFunction.uasset" 244
"../../../Engine/Plugins/Interchange/Runtime/Content/Materials/PBRSurfaceFunction.uexp" 245
"../../../Engine/Plugins/Interchange/Runtime/Content/Materials/ClearCoatMaterial.uasset" 246
"../../../Engine/Plugins/Interchange/Runtime/Content/Materials/ClearCoatMaterial.uexp" 247
"../../../Engine/Plugins/Interchange/Runtime/Content/Materials/UnlitMaterial.uasset" 248
"../../../Engine/Plugins/Interchange/Runtime/Content/Materials/UnlitMaterial.uexp" 249
"../../../Engine/Content/EngineMaterials/GizmoMaterial.uasset" 250
"../../../Engine/Content/EngineMaterials/GizmoMaterial.uexp" 251
"../../../Engine/Content/EngineMaterials/BaseFlattenEmissiveMap_VT.uasset" 252
"../../../Engine/Content/EngineMaterials/BaseFlattenEmissiveMap_VT.uexp" 253
"../../../Engine/Content/EngineMaterials/BaseFlattenGrayscaleMap_VT.uasset" 254
"../../../Engine/Content/EngineMaterials/BaseFlattenGrayscaleMap_VT.uexp" 255
"../../../Engine/Content/EngineMaterials/BaseFlattenLinearColor_VT.uasset" 256
"../../../Engine/Content/EngineMaterials/BaseFlattenLinearColor_VT.uexp" 257
"../../../Engine/Content/EngineMaterials/Black_1x1_EXR_Texture_VT.uasset" 258
"../../../Engine/Content/EngineMaterials/Black_1x1_EXR_Texture_VT.uexp" 259
"../../../Engine/Content/EngineMaterials/BaseFlattenDiffuseMap_VT.uasset" 260
"../../../Engine/Content/EngineMaterials/BaseFlattenDiffuseMap_VT.uexp" 261
"../../../Engine/Content/EngineMaterials/BaseFlattenNormalMap_VT.uasset" 262
"../../../Engine/Content/EngineMaterials/BaseFlattenNormalMap_VT.uexp" 263
"../../../Engine/Content/EngineMaterials/FlattenMaterial_VT.uasset" 264
"../../../Engine/Content/EngineMaterials/FlattenMaterial_VT.uexp" 265
"../../../Engine/Content/EngineMaterials/BaseFlattenNormalMap.uasset" 266
"../../../Engine/Content/EngineMaterials/BaseFlattenNormalMap.uexp" 267
"../../../Engine/Content/EngineMaterials/BaseFlattenGrayscaleMap.uasset" 268
"../../../Engine/Content/EngineMaterials/BaseFlattenGrayscaleMap.uexp" 269
"../../../Engine/Content/EngineMaterials/BaseFlattenDiffuseMap.uasset" 270
"../../../Engine/Content/EngineMaterials/BaseFlattenDiffuseMap.uexp" 271
"../../../Engine/Content/Functions/Engine_MaterialFunctions02/PivotPainter2/Black_1x1_EXR_Texture.uasset" 272
"../../../Engine/Content/Functions/Engine_MaterialFunctions02/PivotPainter2/Black_1x1_EXR_Texture.uexp" 273
"../../../Engine/Content/EngineMaterials/BaseFlattenEmissiveMap.uasset" 274
"../../../Engine/Content/EngineMaterials/BaseFlattenEmissiveMap.uexp" 275
"../../../Engine/Content/EngineMaterials/FlattenMaterial.uasset" 276
"../../../Engine/Content/EngineMaterials/FlattenMaterial.uexp" 277
"../../../Engine/Content/EngineMaterials/DefaultWhiteGrid_Low.uasset" 278
"../../../Engine/Content/EngineMaterials/DefaultWhiteGrid_Low.uexp" 279
"../../../Engine/Content/EngineMaterials/EmissiveMeshMaterial.uasset" 280
"../../../Engine/Content/EngineMaterials/EmissiveMeshMaterial.uexp" 281
"../../../Engine/Plugins/Interchange/Runtime/Content/Pipelines/DefaultTexturePipeline.uasset" 282
"../../../Engine/Plugins/Interchange/Runtime/Content/Pipelines/DefaultTexturePipeline.uexp" 283
"../../../Engine/Content/EngineFonts/RobotoDistanceField.uasset" 284
"../../../Engine/Content/EngineFonts/RobotoDistanceField.uexp" 285
"../../../Engine/Content/EngineMaterials/DefaultTextMaterialOpaque.uasset" 286
"../../../Engine/Content/EngineMaterials/DefaultTextMaterialOpaque.uexp" 287
"../../../Engine/Content/EngineMaterials/DefaultDiffuse.ubulk" 288
"../../../Engine/Content/EngineMaterials/DefaultDiffuse.uasset" 289
"../../../Engine/Content/EngineMaterials/DefaultDiffuse.uexp" 290
"../../../Engine/Content/Functions/Engine_MaterialFunctions02/Utility/BreakOutFloat2Components.uasset" 291
"../../../Engine/Content/Functions/Engine_MaterialFunctions02/Utility/BreakOutFloat2Components.uexp" 292
"../../../Engine/Content/EngineMaterials/DefaultPostProcessMaterial.uasset" 293
"../../../Engine/Content/EngineMaterials/DefaultPostProcessMaterial.uexp" 294
"../../../Engine/Content/EngineMaterials/DefaultLightFunctionMaterial.uasset" 295
"../../../Engine/Content/EngineMaterials/DefaultLightFunctionMaterial.uexp" 296
"../../../Engine/Content/EngineMaterials/DefaultDestructiblePhysicalMaterial.uasset" 297
"../../../Engine/Content/EngineMaterials/DefaultDestructiblePhysicalMaterial.uexp" 298
"../../../Engine/Content/EngineMaterials/DefaultDeferredDecalMaterial.uasset" 299
"../../../Engine/Content/EngineMaterials/DefaultDeferredDecalMaterial.uexp" 300
"../../../Engine/Plugins/Interchange/Runtime/Content/gltf/Textures/T_Black_srgb.uasset" 301
"../../../Engine/Plugins/Interchange/Runtime/Content/gltf/Textures/T_Black_srgb.uexp" 302
"../../../Engine/Content/EngineMaterials/DefaultBloomKernel.uasset" 303
"../../../Engine/Content/EngineMaterials/DefaultBloomKernel.uexp" 304
"../../../Engine/Plugins/Interchange/Runtime/Content/Materials/ThinTranslucentMaterial.uasset" 305
"../../../Engine/Plugins/Interchange/Runtime/Content/Materials/ThinTranslucentMaterial.uexp" 306
"../../../Engine/Plugins/Interchange/Runtime/Content/Materials/SubsurfaceMaterial.uasset" 307
"../../../Engine/Plugins/Interchange/Runtime/Content/Materials/SubsurfaceMaterial.uexp" 308
"../../../Engine/Plugins/Interchange/Runtime/Content/Materials/SheenMaterial.uasset" 309
"../../../Engine/Plugins/Interchange/Runtime/Content/Materials/SheenMaterial.uexp" 310
"../../../Engine/Content/Functions/Engine_MaterialFunctions01/Shading/ConvertFromDiffSpec.uasset" 311
"../../../Engine/Content/Functions/Engine_MaterialFunctions01/Shading/ConvertFromDiffSpec.uexp" 312
"../../../Engine/Plugins/Interchange/Runtime/Content/Materials/PhongSurfaceMaterial.uasset" 313
"../../../Engine/Plugins/Interchange/Runtime/Content/Materials/PhongSurfaceMaterial.uexp" 314
"../../../Engine/Plugins/Interchange/Runtime/Content/Materials/PBRSurfaceMaterial.uasset" 315
"../../../Engine/Plugins/Interchange/Runtime/Content/Materials/PBRSurfaceMaterial.uexp" 316
"../../../Engine/Plugins/Interchange/Runtime/Content/Materials/LambertSurfaceMaterial.uasset" 317
"../../../Engine/Plugins/Interchange/Runtime/Content/Materials/LambertSurfaceMaterial.uexp" 318
"../../../Engine/Content/EngineResources/FilmGrains/Marcie_Grain_v3_128_M2_000.uasset" 319
"../../../Engine/Content/EngineResources/FilmGrains/Marcie_Grain_v3_128_M2_000.uexp" 320
"../../../Engine/Content/EngineSky/VolumetricClouds/CloudWeatherTexture.uasset" 321
"../../../Engine/Content/EngineSky/VolumetricClouds/CloudWeatherTexture.uexp" 322
"../../../Engine/Content/Functions/Engine_MaterialFunctions02/Utility/MakeFloat2.uasset" 323
"../../../Engine/Content/Functions/Engine_MaterialFunctions02/Utility/MakeFloat2.uexp" 324
"../../../Engine/Content/EngineSky/VolumetricClouds/CloudGradientTexture.uasset" 325
"../../../Engine/Content/EngineSky/VolumetricClouds/CloudGradientTexture.uexp" 326
"../../../Engine/Content/EngineSky/VolumetricClouds/T_NoiseShape64.ubulk" 327
"../../../Engine/Content/EngineSky/VolumetricClouds/T_NoiseShape64.uasset" 328
"../../../Engine/Content/EngineSky/VolumetricClouds/T_NoiseShape64.uexp" 329
"../../../Engine/Content/EngineSky/VolumetricClouds/T_VolumeNoiseShape64.uasset" 330
"../../../Engine/Content/EngineSky/VolumetricClouds/T_VolumeNoiseShape64.uexp" 331
"../../../Engine/Content/EngineSky/VolumetricClouds/T_NoiseErosion.ubulk" 332
"../../../Engine/Content/EngineSky/VolumetricClouds/T_NoiseErosion.uasset" 333
"../../../Engine/Content/EngineSky/VolumetricClouds/T_NoiseErosion.uexp" 334
"../../../Engine/Content/EngineSky/VolumetricClouds/T_VolumeNoiseErosion32.uasset" 335
"../../../Engine/Content/EngineSky/VolumetricClouds/T_VolumeNoiseErosion32.uexp" 336
"../../../Engine/Content/EngineSky/VolumetricClouds/m_SimpleVolumetricCloud.uasset" 337
"../../../Engine/Content/EngineSky/VolumetricClouds/m_SimpleVolumetricCloud.uexp" 338
"../../../Engine/Content/EngineSky/VolumetricClouds/m_SimpleVolumetricCloud_Inst.uasset" 339
"../../../Engine/Content/EngineSky/VolumetricClouds/m_SimpleVolumetricCloud_Inst.uexp" 340
"../../../Engine/Content/EngineSounds/Master.uasset" 341
"../../../Engine/Content/EngineSounds/Master.uexp" 342
"../../../Engine/Content/Functions/Engine_MaterialFunctions01/Shading/PowerToRoughness.uasset" 343
"../../../Engine/Content/Functions/Engine_MaterialFunctions01/Shading/PowerToRoughness.uexp" 344
"../../../Engine/Content/EngineMaterials/FlatNormal.uasset" 345
"../../../Engine/Content/EngineMaterials/FlatNormal.uexp" 346
"../../../Engine/Plugins/Interchange/Runtime/Content/Functions/MF_OrenNayerView.uasset" 347
"../../../Engine/Plugins/Interchange/Runtime/Content/Functions/MF_OrenNayerView.uexp" 348
"../../../Engine/Content/EditorLandscapeResources/WhiteSquareTexture.uasset" 349
"../../../Engine/Content/EditorLandscapeResources/WhiteSquareTexture.uexp" 350
"../../../Engine/Plugins/Interchange/Runtime/Content/Functions/MF_SchlickApprox.uasset" 351
"../../../Engine/Plugins/Interchange/Runtime/Content/Functions/MF_SchlickApprox.uexp" 352
"../../../Engine/Plugins/Interchange/Runtime/Content/Utilities/New_LUT.uasset" 353
"../../../Engine/Plugins/Interchange/Runtime/Content/Utilities/New_LUT.uexp" 354
"../../../Engine/Content/Functions/Engine_MaterialFunctions03/Math/RemapValueRange.uasset" 355
"../../../Engine/Content/Functions/Engine_MaterialFunctions03/Math/RemapValueRange.uexp" 356
"../../../Engine/Plugins/Interchange/Runtime/Content/Functions/MF_Iridescence.uasset" 357
"../../../Engine/Plugins/Interchange/Runtime/Content/Functions/MF_Iridescence.uexp" 358
"../../../Engine/Plugins/Interchange/Runtime/Content/Materials/OrenNayerMaterial.uasset" 359
"../../../Engine/Plugins/Interchange/Runtime/Content/Materials/OrenNayerMaterial.uexp" 360
"../../../Engine/Content/MobileResources/HUD/VirtualJoystick_Background.uasset" 361
"../../../Engine/Content/MobileResources/HUD/VirtualJoystick_Background.uexp" 362
"../../../Engine/Content/MobileResources/HUD/VirtualJoystick_Thumb.uasset" 363
"../../../Engine/Content/MobileResources/HUD/VirtualJoystick_Thumb.uexp" 364
"../../../Engine/Content/MobileResources/HUD/DefaultVirtualJoysticks.uasset" 365
"../../../Engine/Content/MobileResources/HUD/DefaultVirtualJoysticks.uexp" 366
"../../../Engine/Content/EngineMaterials/DefaultPhysicalMaterial.uasset" 367
"../../../Engine/Content/EngineMaterials/DefaultPhysicalMaterial.uexp" 368
"../../../Engine/Content/EngineMaterials/BlendFunc_DefBlend.uasset" 369
"../../../Engine/Content/EngineMaterials/BlendFunc_DefBlend.uexp" 370
"../../../Engine/Content/EngineMaterials/BlendFunc_DefBase.uasset" 371
"../../../Engine/Content/EngineMaterials/BlendFunc_DefBase.uexp" 372
"../../../Engine/Content/Functions/Engine_MaterialFunctions03/Blends/Blend_Overlay.uasset" 373
"../../../Engine/Content/Functions/Engine_MaterialFunctions03/Blends/Blend_Overlay.uexp" 374
"../../../Engine/Content/OpenWorldTemplate/LandscapeMaterial/T_GridChecker_A.ubulk" 375
"../../../Engine/Content/OpenWorldTemplate/LandscapeMaterial/T_GridChecker_A.uasset" 376
"../../../Engine/Content/OpenWorldTemplate/LandscapeMaterial/T_GridChecker_A.uexp" 377
"../../../Engine/Content/Functions/Engine_MaterialFunctions01/Gradient/LinearGradient.uasset" 378
"../../../Engine/Content/Functions/Engine_MaterialFunctions01/Gradient/LinearGradient.uexp" 379
"../../../Engine/Content/Functions/Engine_MaterialFunctions01/ImageAdjustment/CheapContrast.uasset" 380
"../../../Engine/Content/Functions/Engine_MaterialFunctions01/ImageAdjustment/CheapContrast.uexp" 381
"../../../Engine/Content/OpenWorldTemplate/LandscapeMaterial/MF_ProcGrid.uasset" 382
"../../../Engine/Content/OpenWorldTemplate/LandscapeMaterial/MF_ProcGrid.uexp" 383
"../../../Engine/Content/OpenWorldTemplate/LandscapeMaterial/M_ProcGrid.uasset" 384
"../../../Engine/Content/OpenWorldTemplate/LandscapeMaterial/M_ProcGrid.uexp" 385
"../../../Engine/Content/EngineMaterials/FlattenMaterial_WS_Normal_VT.uasset" 386
"../../../Engine/Content/EngineMaterials/FlattenMaterial_WS_Normal_VT.uexp" 387
"../../../Engine/Content/OpenWorldTemplate/HLOD/HLOD0_Instancing.uasset" 388
"../../../Engine/Content/OpenWorldTemplate/HLOD/HLOD0_Instancing.uexp" 389
"../../../Engine/Content/EngineSky/T_Sky_Stars.ubulk" 390
"../../../Engine/Content/EngineSky/T_Sky_Stars.uasset" 391
"../../../Engine/Content/EngineSky/T_Sky_Stars.uexp" 392
"../../../Engine/Content/EngineSky/T_Sky_Clouds_M.ubulk" 393
"../../../Engine/Content/EngineSky/T_Sky_Clouds_M.uasset" 394
"../../../Engine/Content/EngineSky/T_Sky_Clouds_M.uexp" 395
"../../../Engine/Content/EngineSky/T_Sky_Blue.ubulk" 396
"../../../Engine/Content/EngineSky/T_Sky_Blue.uasset" 397
"../../../Engine/Content/EngineSky/T_Sky_Blue.uexp" 398
"../../../Engine/Content/EngineSky/M_Sky_Panning_Clouds2.uasset" 399
"../../../Engine/Content/EngineSky/M_Sky_Panning_Clouds2.uexp" 400
"../../../Engine/Content/EngineSky/SM_SkySphere.uasset" 401
"../../../Engine/Content/EngineSky/SM_SkySphere.uexp" 402
"../../../Engine/Content/EngineSky/M_SimpleSkyDome.uasset" 403
"../../../Engine/Content/EngineSky/M_SimpleSkyDome.uexp" 404
"../../../Engine/Plugins/2D/Paper2D/Content/PlaceholderTextures/DummySpriteTexture.ubulk" 405
"../../../Engine/Plugins/2D/Paper2D/Content/PlaceholderTextures/DummySpriteTexture.uasset" 406
"../../../Engine/Plugins/2D/Paper2D/Content/PlaceholderTextures/DummySpriteTexture.uexp" 407
"../../../Engine/Plugins/2D/Paper2D/Content/DefaultSpriteMaterial.uasset" 408
"../../../Engine/Plugins/2D/Paper2D/Content/DefaultSpriteMaterial.uexp" 409
"../../../Engine/Plugins/2D/Paper2D/Content/OpaqueUnlitSpriteMaterial.uasset" 410
"../../../Engine/Plugins/2D/Paper2D/Content/OpaqueUnlitSpriteMaterial.uexp" 411
"../../../Engine/Plugins/2D/Paper2D/Content/MaskedUnlitSpriteMaterial.uasset" 412
"../../../Engine/Plugins/2D/Paper2D/Content/MaskedUnlitSpriteMaterial.uexp" 413
"../../../Engine/Plugins/2D/Paper2D/Content/DummySprite.uasset" 414
"../../../Engine/Plugins/2D/Paper2D/Content/DummySprite.uexp" 415
"../../../Engine/Plugins/2D/Paper2D/Content/DefaultPaperTerrainMaterial.uasset" 416
"../../../Engine/Plugins/2D/Paper2D/Content/DefaultPaperTerrainMaterial.uexp" 417
"../../../Engine/Plugins/Interchange/Runtime/Content/Pipelines/DefaultAssetsPipeline.uasset" 418
"../../../Engine/Plugins/Interchange/Runtime/Content/Pipelines/DefaultAssetsPipeline.uexp" 419
"../../../Engine/Plugins/Animation/ControlRig/Content/M_Manip.uasset" 420
"../../../Engine/Plugins/Animation/ControlRig/Content/M_Manip.uexp" 421
"../../../Engine/Plugins/Animation/ControlRig/Content/Controls/DefaultGizmoLibraryNormalized.uasset" 422
"../../../Engine/Plugins/Animation/ControlRig/Content/Controls/DefaultGizmoLibraryNormalized.uexp" 423
"../../../Engine/Plugins/Animation/ControlRig/Content/Controls/ControlRig_Wedge_solid.uasset" 424
"../../../Engine/Plugins/Animation/ControlRig/Content/Controls/ControlRig_Wedge_solid.uexp" 425
"../../../Engine/Plugins/Animation/ControlRig/Content/Controls/ControlRig_Wedge_3mm.uasset" 426
"../../../Engine/Plugins/Animation/ControlRig/Content/Controls/ControlRig_Wedge_3mm.uexp" 427
"../../../Engine/Plugins/Animation/ControlRig/Content/Controls/ControlRig_Wedge_1mm.uasset" 428
"../../../Engine/Plugins/Animation/ControlRig/Content/Controls/ControlRig_Wedge_1mm.uexp" 429
"../../../Engine/Plugins/Animation/ControlRig/Content/Controls/ControlRig_Triangle_solid.uasset" 430
"../../../Engine/Plugins/Animation/ControlRig/Content/Controls/ControlRig_Triangle_solid.uexp" 431
"../../../Engine/Plugins/Animation/ControlRig/Content/Controls/ControlRig_Triangle_3mm.uasset" 432
"../../../Engine/Plugins/Animation/ControlRig/Content/Controls/ControlRig_Triangle_3mm.uexp" 433
"../../../Engine/Plugins/Animation/ControlRig/Content/Controls/ControlRig_Triangle_1mm.uasset" 434
"../../../Engine/Plugins/Animation/ControlRig/Content/Controls/ControlRig_Triangle_1mm.uexp" 435
"../../../Engine/Plugins/Animation/ControlRig/Content/Controls/ControlRig_Star4_solid.uasset" 436
"../../../Engine/Plugins/Animation/ControlRig/Content/Controls/ControlRig_Star4_solid.uexp" 437
"../../../Engine/Plugins/Animation/ControlRig/Content/Controls/ControlRig_Star4_3mm.uasset" 438
"../../../Engine/Plugins/Animation/ControlRig/Content/Controls/ControlRig_Star4_3mm.uexp" 439
"../../../Engine/Plugins/Animation/ControlRig/Content/Controls/ControlRig_Star4_1mm.uasset" 440
"../../../Engine/Plugins/Animation/ControlRig/Content/Controls/ControlRig_Star4_1mm.uexp" 441
"../../../Engine/Plugins/Animation/ControlRig/Content/Controls/ControlRig_Square_solid.uasset" 442
"../../../Engine/Plugins/Animation/ControlRig/Content/Controls/ControlRig_Square_solid.uexp" 443
"../../../Engine/Plugins/Animation/ControlRig/Content/Controls/ControlRig_Square_3mm.uasset" 444
"../../../Engine/Plugins/Animation/ControlRig/Content/Controls/ControlRig_Square_3mm.uexp" 445
"../../../Engine/Plugins/Animation/ControlRig/Content/Controls/ControlRig_Square_1mm.uasset" 446
"../../../Engine/Plugins/Animation/ControlRig/Content/Controls/ControlRig_Square_1mm.uexp" 447
"../../../Engine/Plugins/Animation/ControlRig/Content/Controls/ControlRig_Sphere_solid.uasset" 448
"../../../Engine/Plugins/Animation/ControlRig/Content/Controls/ControlRig_Sphere_solid.uexp" 449
"../../../Engine/Plugins/Animation/ControlRig/Content/Controls/ControlRig_Sphere_3mm.uasset" 450
"../../../Engine/Plugins/Animation/ControlRig/Content/Controls/ControlRig_Sphere_3mm.uexp" 451
"../../../Engine/Plugins/Animation/ControlRig/Content/Controls/ControlRig_Sphere_1mm.uasset" 452
"../../../Engine/Plugins/Animation/ControlRig/Content/Controls/ControlRig_Sphere_1mm.uexp" 453
"../../../Engine/Plugins/Animation/ControlRig/Content/Controls/ControlRig_RoundedTriangle_solid.uasset" 454
"../../../Engine/Plugins/Animation/ControlRig/Content/Controls/ControlRig_RoundedTriangle_solid.uexp" 455
"../../../Engine/Plugins/Animation/ControlRig/Content/Controls/ControlRig_RoundedTriangle_3mm.uasset" 456
"../../../Engine/Plugins/Animation/ControlRig/Content/Controls/ControlRig_RoundedTriangle_3mm.uexp" 457
"../../../Engine/Plugins/Animation/ControlRig/Content/Controls/ControlRig_RoundedTriangle_1mm.uasset" 458
"../../../Engine/Plugins/Animation/ControlRig/Content/Controls/ControlRig_RoundedTriangle_1mm.uexp" 459
"../../../Engine/Plugins/Animation/ControlRig/Content/Controls/ControlRig_RoundedSquare_solid.uasset" 460
"../../../Engine/Plugins/Animation/ControlRig/Content/Controls/ControlRig_RoundedSquare_solid.uexp" 461
"../../../Engine/Plugins/Animation/ControlRig/Content/Controls/ControlRig_RoundedSquare_3mm.uasset" 462
"../../../Engine/Plugins/Animation/ControlRig/Content/Controls/ControlRig_RoundedSquare_3mm.uexp" 463
"../../../Engine/Plugins/Animation/ControlRig/Content/Controls/ControlRig_RoundedSquare_1mm.uasset" 464
"../../../Engine/Plugins/Animation/ControlRig/Content/Controls/ControlRig_RoundedSquare_1mm.uexp" 465
"../../../Engine/Plugins/Animation/ControlRig/Content/Controls/ControlRig_QuarterCircle_solid.uasset" 466
"../../../Engine/Plugins/Animation/ControlRig/Content/Controls/ControlRig_QuarterCircle_solid.uexp" 467
"../../../Engine/Plugins/Animation/ControlRig/Content/Controls/ControlRig_QuarterCircle_3mm.uasset" 468
"../../../Engine/Plugins/Animation/ControlRig/Content/Controls/ControlRig_QuarterCircle_3mm.uexp" 469
"../../../Engine/Plugins/Animation/ControlRig/Content/Controls/ControlRig_QuarterCircle_1mm.uasset" 470
"../../../Engine/Plugins/Animation/ControlRig/Content/Controls/ControlRig_QuarterCircle_1mm.uexp" 471
"../../../Engine/Plugins/Animation/ControlRig/Content/Controls/ControlRig_Pyramid_solid.uasset" 472
"../../../Engine/Plugins/Animation/ControlRig/Content/Controls/ControlRig_Pyramid_solid.uexp" 473
"../../../Engine/Plugins/Animation/ControlRig/Content/Controls/ControlRig_Pyramid_3mm.uasset" 474
"../../../Engine/Plugins/Animation/ControlRig/Content/Controls/ControlRig_Pyramid_3mm.uexp" 475
"../../../Engine/Plugins/Animation/ControlRig/Content/Controls/ControlRig_Pyramid_1mm.uasset" 476
"../../../Engine/Plugins/Animation/ControlRig/Content/Controls/ControlRig_Pyramid_1mm.uexp" 477
"../../../Engine/Plugins/Animation/ControlRig/Content/Controls/ControlRig_Octagon_solid.uasset" 478
"../../../Engine/Plugins/Animation/ControlRig/Content/Controls/ControlRig_Octagon_solid.uexp" 479
"../../../Engine/Plugins/Animation/ControlRig/Content/Controls/ControlRig_Octagon_3mm.uasset" 480
"../../../Engine/Plugins/Animation/ControlRig/Content/Controls/ControlRig_Octagon_3mm.uexp" 481
"../../../Engine/Plugins/Animation/ControlRig/Content/Controls/ControlRig_Octagon_1mm.uasset" 482
"../../../Engine/Plugins/Animation/ControlRig/Content/Controls/ControlRig_Octagon_1mm.uexp" 483
"../../../Engine/Plugins/Animation/ControlRig/Content/Controls/ControlRig_Hexagon_solid.uasset" 484
"../../../Engine/Plugins/Animation/ControlRig/Content/Controls/ControlRig_Hexagon_solid.uexp" 485
"../../../Engine/Plugins/Animation/ControlRig/Content/Controls/ControlRig_Hexagon_3mm.uasset" 486
"../../../Engine/Plugins/Animation/ControlRig/Content/Controls/ControlRig_Hexagon_3mm.uexp" 487
"../../../Engine/Plugins/Animation/ControlRig/Content/Controls/ControlRig_Hexagon_1mm.uasset" 488
"../../../Engine/Plugins/Animation/ControlRig/Content/Controls/ControlRig_Hexagon_1mm.uexp" 489
"../../../Engine/Plugins/Animation/ControlRig/Content/Controls/ControlRig_HalfCircle_solid.uasset" 490
"../../../Engine/Plugins/Animation/ControlRig/Content/Controls/ControlRig_HalfCircle_solid.uexp" 491
"../../../Engine/Plugins/Animation/ControlRig/Content/Controls/ControlRig_HalfCircle_3mm.uasset" 492
"../../../Engine/Plugins/Animation/ControlRig/Content/Controls/ControlRig_HalfCircle_3mm.uexp" 493
"../../../Engine/Plugins/Animation/ControlRig/Content/Controls/ControlRig_HalfCircle_1mm.uasset" 494
"../../../Engine/Plugins/Animation/ControlRig/Content/Controls/ControlRig_HalfCircle_1mm.uexp" 495
"../../../Engine/Plugins/Animation/ControlRig/Content/Controls/ControlRig_Diamond_solid.uasset" 496
"../../../Engine/Plugins/Animation/ControlRig/Content/Controls/ControlRig_Diamond_solid.uexp" 497
"../../../Engine/Plugins/Animation/ControlRig/Content/Controls/ControlRig_Diamond_3mm.uasset" 498
"../../../Engine/Plugins/Animation/ControlRig/Content/Controls/ControlRig_Diamond_3mm.uexp" 499
"../../../Engine/Plugins/Animation/ControlRig/Content/Controls/ControlRig_Diamond_1mm.uasset" 500
"../../../Engine/Plugins/Animation/ControlRig/Content/Controls/ControlRig_Diamond_1mm.uexp" 501
"../../../Engine/Plugins/Animation/ControlRig/Content/Controls/ControlRig_Circle_solid.uasset" 502
"../../../Engine/Plugins/Animation/ControlRig/Content/Controls/ControlRig_Circle_solid.uexp" 503
"../../../Engine/Plugins/Animation/ControlRig/Content/Controls/ControlRig_Circle_3mm.uasset" 504
"../../../Engine/Plugins/Animation/ControlRig/Content/Controls/ControlRig_Circle_3mm.uexp" 505
"../../../Engine/Plugins/Animation/ControlRig/Content/Controls/ControlRig_Circle_1mm.uasset" 506
"../../../Engine/Plugins/Animation/ControlRig/Content/Controls/ControlRig_Circle_1mm.uexp" 507
"../../../Engine/Plugins/Animation/ControlRig/Content/Controls/ControlRig_Box_solid.uasset" 508
"../../../Engine/Plugins/Animation/ControlRig/Content/Controls/ControlRig_Box_solid.uexp" 509
"../../../Engine/Plugins/Animation/ControlRig/Content/Controls/ControlRig_Box_3mm.uasset" 510
"../../../Engine/Plugins/Animation/ControlRig/Content/Controls/ControlRig_Box_3mm.uexp" 511
"../../../Engine/Plugins/Animation/ControlRig/Content/Controls/ControlRig_Box_1mm.uasset" 512
"../../../Engine/Plugins/Animation/ControlRig/Content/Controls/ControlRig_Box_1mm.uexp" 513
"../../../Engine/Plugins/Animation/ControlRig/Content/Controls/ControlRig_Arrow_solid.uasset" 514
"../../../Engine/Plugins/Animation/ControlRig/Content/Controls/ControlRig_Arrow_solid.uexp" 515
"../../../Engine/Plugins/Animation/ControlRig/Content/Controls/ControlRig_Arrow_3mm.uasset" 516
"../../../Engine/Plugins/Animation/ControlRig/Content/Controls/ControlRig_Arrow_3mm.uexp" 517
"../../../Engine/Plugins/Animation/ControlRig/Content/Controls/ControlRig_Arrow_1mm.uasset" 518
"../../../Engine/Plugins/Animation/ControlRig/Content/Controls/ControlRig_Arrow_1mm.uexp" 519
"../../../Engine/Plugins/Animation/ControlRig/Content/Controls/ControlRig_Arrow4_solid.uasset" 520
"../../../Engine/Plugins/Animation/ControlRig/Content/Controls/ControlRig_Arrow4_solid.uexp" 521
"../../../Engine/Plugins/Animation/ControlRig/Content/Controls/ControlRig_Arrow4_3mm.uasset" 522
"../../../Engine/Plugins/Animation/ControlRig/Content/Controls/ControlRig_Arrow4_3mm.uexp" 523
"../../../Engine/Plugins/Animation/ControlRig/Content/Controls/ControlRig_Arrow4_1mm.uasset" 524
"../../../Engine/Plugins/Animation/ControlRig/Content/Controls/ControlRig_Arrow4_1mm.uexp" 525
"../../../Engine/Plugins/Animation/ControlRig/Content/Controls/ControlRig_Arrow2_solid.uasset" 526
"../../../Engine/Plugins/Animation/ControlRig/Content/Controls/ControlRig_Arrow2_solid.uexp" 527
"../../../Engine/Plugins/Animation/ControlRig/Content/Controls/ControlRig_Arrow2_3mm.uasset" 528
"../../../Engine/Plugins/Animation/ControlRig/Content/Controls/ControlRig_Arrow2_3mm.uexp" 529
"../../../Engine/Plugins/Animation/ControlRig/Content/Controls/ControlRig_Arrow2_1mm.uasset" 530
"../../../Engine/Plugins/Animation/ControlRig/Content/Controls/ControlRig_Arrow2_1mm.uexp" 531
"../../../Engine/Plugins/Animation/ControlRig/Content/Controls/ControlRigXRayMaterial.uasset" 532
"../../../Engine/Plugins/Animation/ControlRig/Content/Controls/ControlRigXRayMaterial.uexp" 533
"../../../Engine/Plugins/Animation/ControlRig/Content/Controls/ControlRigGizmoMaterial.uasset" 534
"../../../Engine/Plugins/Animation/ControlRig/Content/Controls/ControlRigGizmoMaterial.uexp" 535
"../../../Engine/Plugins/Editor/SpeedTreeImporter/Content/SpeedTree9/game_wind_noise.ubulk" 536
"../../../Engine/Plugins/Editor/SpeedTreeImporter/Content/SpeedTree9/game_wind_noise.uasset" 537
"../../../Engine/Plugins/Editor/SpeedTreeImporter/Content/SpeedTree9/game_wind_noise.uexp" 538
"../../../Engine/Plugins/Editor/SpeedTreeImporter/Content/SpeedTree9/UnpackDirection.uasset" 539
"../../../Engine/Plugins/Editor/SpeedTreeImporter/Content/SpeedTree9/UnpackDirection.uexp" 540
"../../../Engine/Content/Functions/Engine_MaterialFunctions02/ObjectLocalBounds.uasset" 541
"../../../Engine/Content/Functions/Engine_MaterialFunctions02/ObjectLocalBounds.uexp" 542
"../../../Engine/Content/Functions/Engine_MaterialFunctions02/UVs/BoundingBoxBased_0-1_UVW.uasset" 543
"../../../Engine/Content/Functions/Engine_MaterialFunctions02/UVs/BoundingBoxBased_0-1_UVW.uexp" 544
"../../../Engine/Content/Functions/Engine_MaterialFunctions02/Utility/VectorLength.uasset" 545
"../../../Engine/Content/Functions/Engine_MaterialFunctions02/Utility/VectorLength.uexp" 546
"../../../Engine/Plugins/Editor/SpeedTreeImporter/Content/SpeedTree9/UnpackInteger3.uasset" 547
"../../../Engine/Plugins/Editor/SpeedTreeImporter/Content/SpeedTree9/UnpackInteger3.uexp" 548
"../../../Engine/Plugins/Editor/SpeedTreeImporter/Content/SpeedTree9/SpeedTreeCameraFacing.uasset" 549
"../../../Engine/Plugins/Editor/SpeedTreeImporter/Content/SpeedTree9/SpeedTreeCameraFacing.uexp" 550
"../../../Engine/Content/Functions/Engine_MaterialFunctions02/WorldPositionOffset/ObjectScale.uasset" 551
"../../../Engine/Content/Functions/Engine_MaterialFunctions02/WorldPositionOffset/ObjectScale.uexp" 552
"../../../Engine/Content/Functions/Engine_MaterialFunctions02/SafeNormalize.uasset" 553
"../../../Engine/Content/Functions/Engine_MaterialFunctions02/SafeNormalize.uexp" 554
"../../../Engine/Plugins/Editor/SpeedTreeImporter/Content/SpeedTree9/SpeedTreeWindMotion.uasset" 555
"../../../Engine/Plugins/Editor/SpeedTreeImporter/Content/SpeedTree9/SpeedTreeWindMotion.uexp" 556
"../../../Engine/Plugins/Editor/SpeedTreeImporter/Content/SpeedTree9/SpeedTreeBranchMotion.uasset" 557
"../../../Engine/Plugins/Editor/SpeedTreeImporter/Content/SpeedTree9/SpeedTreeBranchMotion.uexp" 558
"../../../Engine/Plugins/Editor/SpeedTreeImporter/Content/SpeedTree9/SpeedTreeWind.uasset" 559
"../../../Engine/Plugins/Editor/SpeedTreeImporter/Content/SpeedTree9/SpeedTreeWind.uexp" 560
"../../../Engine/Plugins/Editor/SpeedTreeImporter/Content/SpeedTree9/EmptyNormal.uasset" 561
"../../../Engine/Plugins/Editor/SpeedTreeImporter/Content/SpeedTree9/EmptyNormal.uexp" 562
"../../../Engine/Plugins/Editor/SpeedTreeImporter/Content/SpeedTree9/Empty.uasset" 563
"../../../Engine/Plugins/Editor/SpeedTreeImporter/Content/SpeedTree9/Empty.uexp" 564
"../../../Engine/Plugins/Editor/SpeedTreeImporter/Content/SpeedTree9/SpeedTreeMaster.uasset" 565
"../../../Engine/Plugins/Editor/SpeedTreeImporter/Content/SpeedTree9/SpeedTreeMaster.uexp" 566
"../../../Engine/Plugins/Editor/SpeedTreeImporter/Content/SpeedTree9/SpeedTreeBillboard.uasset" 567
"../../../Engine/Plugins/Editor/SpeedTreeImporter/Content/SpeedTree9/SpeedTreeBillboard.uexp" 568
"../../../Engine/Plugins/Editor/SpeedTreeImporter/Content/SpeedTree9/SpeedTreeBillboardMaster.uasset" 569
"../../../Engine/Plugins/Editor/SpeedTreeImporter/Content/SpeedTree9/SpeedTreeBillboardMaster.uexp" 570
"../../../Engine/Plugins/Interchange/Runtime/Content/Pipelines/DefaultMaterialPipeline.uasset" 571
"../../../Engine/Plugins/Interchange/Runtime/Content/Pipelines/DefaultMaterialPipeline.uexp" 572
"../../../Engine/Plugins/Interchange/Runtime/Content/Pipelines/DefaultSceneLevelPipeline.uasset" 573
"../../../Engine/Plugins/Interchange/Runtime/Content/Pipelines/DefaultSceneLevelPipeline.uexp" 574
"../../../Engine/Plugins/Interchange/Runtime/Content/Pipelines/DefaultSceneAssetsPipeline.uasset" 575
"../../../Engine/Plugins/Interchange/Runtime/Content/Pipelines/DefaultSceneAssetsPipeline.uexp" 576
"../../../Engine/Content/Functions/Engine_MaterialFunctions02/Texturing/CustomRotator.uasset" 577
"../../../Engine/Content/Functions/Engine_MaterialFunctions02/Texturing/CustomRotator.uexp" 578
"../../../Engine/Content/Functions/Engine_MaterialFunctions02/Texturing/ScreenAlignedPixelToPixelUVs.uasset" 579
"../../../Engine/Content/Functions/Engine_MaterialFunctions02/Texturing/ScreenAlignedPixelToPixelUVs.uexp" 580
"../../../Engine/Plugins/Interchange/Runtime/Content/Utilities/T_Bayer64_Grayscale_64px.uasset" 581
"../../../Engine/Plugins/Interchange/Runtime/Content/Utilities/T_Bayer64_Grayscale_64px.uexp" 582
"../../../Engine/Plugins/Interchange/Runtime/Content/gltf/MaterialFunctions/MF_Temporal_Blur.uasset" 583
"../../../Engine/Plugins/Interchange/Runtime/Content/gltf/MaterialFunctions/MF_Temporal_Blur.uexp" 584
"../../../Engine/Plugins/Interchange/Runtime/Content/gltf/MaterialFunctions/MF_Fresnel_DS.uasset" 585
"../../../Engine/Plugins/Interchange/Runtime/Content/gltf/MaterialFunctions/MF_Fresnel_DS.uexp" 586
"../../../Engine/Plugins/Interchange/Runtime/Content/Functions/MX_Transmission.uasset" 587
"../../../Engine/Plugins/Interchange/Runtime/Content/Functions/MX_Transmission.uexp" 588
"../../../Engine/Plugins/Interchange/Runtime/Content/Functions/MX_StandardSurface.uasset" 589
"../../../Engine/Plugins/Interchange/Runtime/Content/Functions/MX_StandardSurface.uexp" 590
"../../../Engine/Plugins/Interchange/Runtime/Content/Functions/MX_TransmissionSurface.uasset" 591
"../../../Engine/Plugins/Interchange/Runtime/Content/Functions/MX_TransmissionSurface.uexp" 592
"../../../Engine/Content/Functions/Engine_MaterialFunctions02/Math/AddComponents.uasset" 593
"../../../Engine/Content/Functions/Engine_MaterialFunctions02/Math/AddComponents.uexp" 594
"../../../Engine/Content/Functions/Engine_MaterialFunctions02/WorldPositionOffset/V2/ObjectScale.uasset" 595
"../../../Engine/Content/Functions/Engine_MaterialFunctions02/WorldPositionOffset/V2/ObjectScale.uexp" 596
"../../../Engine/Plugins/Interchange/Runtime/Content/gltf/MaterialFunctions/MF_TransmissionOpacity.uasset" 597
"../../../Engine/Plugins/Interchange/Runtime/Content/gltf/MaterialFunctions/MF_TransmissionOpacity.uexp" 598
"../../../Engine/Plugins/Interchange/Runtime/Content/gltf/MaterialFunctions/MF_RotateV2.uasset" 599
"../../../Engine/Plugins/Interchange/Runtime/Content/gltf/MaterialFunctions/MF_RotateV2.uexp" 600
"../../../Engine/Plugins/Interchange/Runtime/Content/gltf/MaterialFunctions/MF_TransformUVs.uasset" 601
"../../../Engine/Plugins/Interchange/Runtime/Content/gltf/MaterialFunctions/MF_TransformUVs.uexp" 602
"../../../Engine/Plugins/Interchange/Runtime/Content/gltf/Textures/T_White_srgb.uasset" 603
"../../../Engine/Plugins/Interchange/Runtime/Content/gltf/Textures/T_White_srgb.uexp" 604
"../../../Engine/Plugins/Interchange/Runtime/Content/gltf/MaterialFunctions/MF_BaseColor.uasset" 605
"../../../Engine/Plugins/Interchange/Runtime/Content/gltf/MaterialFunctions/MF_BaseColor.uexp" 606
"../../../Engine/Plugins/Interchange/Runtime/Content/gltf/MaterialFunctions/MF_DiffuseSpecGloss.uasset" 607
"../../../Engine/Plugins/Interchange/Runtime/Content/gltf/MaterialFunctions/MF_DiffuseSpecGloss.uexp" 608
"../../../Engine/Plugins/Interchange/Runtime/Content/gltf/Textures/T_White_Linear.uasset" 609
"../../../Engine/Plugins/Interchange/Runtime/Content/gltf/Textures/T_White_Linear.uexp" 610
"../../../Engine/Plugins/Interchange/Runtime/Content/gltf/MaterialFunctions/MF_MetallicRoughness.uasset" 611
"../../../Engine/Plugins/Interchange/Runtime/Content/gltf/MaterialFunctions/MF_MetallicRoughness.uexp" 612
"../../../Engine/Plugins/Interchange/Runtime/Content/gltf/MaterialFunctions/MF_Transmission.uasset" 613
"../../../Engine/Plugins/Interchange/Runtime/Content/gltf/MaterialFunctions/MF_Transmission.uexp" 614
"../../../Engine/Plugins/Interchange/Runtime/Content/gltf/MaterialFunctions/MF_Occlusion.uasset" 615
"../../../Engine/Plugins/Interchange/Runtime/Content/gltf/MaterialFunctions/MF_Occlusion.uexp" 616
"../../../Engine/Plugins/Interchange/Runtime/Content/gltf/MaterialFunctions/MF_Specular.uasset" 617
"../../../Engine/Plugins/Interchange/Runtime/Content/gltf/MaterialFunctions/MF_Specular.uexp" 618
"../../../Engine/Plugins/Interchange/Runtime/Content/gltf/MaterialFunctions/MF_IOR.uasset" 619
"../../../Engine/Plugins/Interchange/Runtime/Content/gltf/MaterialFunctions/MF_IOR.uexp" 620
"../../../Engine/Content/Functions/Engine_MaterialFunctions01/Texturing/FlattenNormal.uasset" 621
"../../../Engine/Content/Functions/Engine_MaterialFunctions01/Texturing/FlattenNormal.uexp" 622
"../../../Engine/Content/Functions/Engine_MaterialFunctions02/Math/Transform3x3Matrix.uasset" 623
"../../../Engine/Content/Functions/Engine_MaterialFunctions02/Math/Transform3x3Matrix.uexp" 624
"../../../Engine/Plugins/Interchange/Runtime/Content/gltf/MaterialFunctions/MF_RotateNormals_TS.uasset" 625
"../../../Engine/Plugins/Interchange/Runtime/Content/gltf/MaterialFunctions/MF_RotateNormals_TS.uexp" 626
"../../../Engine/Plugins/Interchange/Runtime/Content/gltf/Textures/T_Generic_N.uasset" 627
"../../../Engine/Plugins/Interchange/Runtime/Content/gltf/Textures/T_Generic_N.uexp" 628
"../../../Engine/Plugins/Interchange/Runtime/Content/gltf/MaterialFunctions/MF_Normals.uasset" 629
"../../../Engine/Plugins/Interchange/Runtime/Content/gltf/MaterialFunctions/MF_Normals.uexp" 630
"../../../Engine/Plugins/Interchange/Runtime/Content/gltf/MaterialFunctions/MF_PerceivedBrightness.uasset" 631
"../../../Engine/Plugins/Interchange/Runtime/Content/gltf/MaterialFunctions/MF_PerceivedBrightness.uexp" 632
"../../../Engine/Plugins/Interchange/Runtime/Content/gltf/MaterialFunctions/MF_SpecGlossToMetalRoughness.uasset" 633
"../../../Engine/Plugins/Interchange/Runtime/Content/gltf/MaterialFunctions/MF_SpecGlossToMetalRoughness.uexp" 634
"../../../Engine/Plugins/Interchange/Runtime/Content/gltf/M_Transmission.uasset" 635
"../../../Engine/Plugins/Interchange/Runtime/Content/gltf/M_Transmission.uexp" 636
"../../../Engine/Plugins/Interchange/Runtime/Content/gltf/MaterialInstances_MR/MI_Transmission_TS.uasset" 637
"../../../Engine/Plugins/Interchange/Runtime/Content/gltf/MaterialInstances_MR/MI_Transmission_TS.uexp" 638
"../../../Engine/Plugins/Interchange/Runtime/Content/gltf/MaterialInstances_MR/MI_Transmission.uasset" 639
"../../../Engine/Plugins/Interchange/Runtime/Content/gltf/MaterialInstances_MR/MI_Transmission.uexp" 640
"../../../Engine/Plugins/Interchange/Runtime/Content/gltf/MaterialFunctions/MF_Clearcoat.uasset" 641
"../../../Engine/Plugins/Interchange/Runtime/Content/gltf/MaterialFunctions/MF_Clearcoat.uexp" 642
"../../../Engine/Plugins/Interchange/Runtime/Content/gltf/MaterialFunctions/MF_Emissive.uasset" 643
"../../../Engine/Plugins/Interchange/Runtime/Content/gltf/MaterialFunctions/MF_Emissive.uexp" 644
"../../../Engine/Plugins/Interchange/Runtime/Content/gltf/M_Translucent.uasset" 645
"../../../Engine/Plugins/Interchange/Runtime/Content/gltf/M_Translucent.uexp" 646
"../../../Engine/Plugins/Interchange/Runtime/Content/gltf/MaterialInstances_MR/MI_Translucent_TS.uasset" 647
"../../../Engine/Plugins/Interchange/Runtime/Content/gltf/MaterialInstances_MR/MI_Translucent_TS.uexp" 648
"../../../Engine/Plugins/Interchange/Runtime/Content/gltf/MaterialInstances_MR/MI_Translucent_ClearCoat_TS.uasset" 649
"../../../Engine/Plugins/Interchange/Runtime/Content/gltf/MaterialInstances_MR/MI_Translucent_ClearCoat_TS.uexp" 650
"../../../Engine/Plugins/Interchange/Runtime/Content/gltf/MaterialInstances_MR/MI_Translucent_ClearCoat.uasset" 651
"../../../Engine/Plugins/Interchange/Runtime/Content/gltf/MaterialInstances_MR/MI_Translucent_ClearCoat.uexp" 652
"../../../Engine/Plugins/Interchange/Runtime/Content/gltf/MaterialInstances_MR/MI_Translucent.uasset" 653
"../../../Engine/Plugins/Interchange/Runtime/Content/gltf/MaterialInstances_MR/MI_Translucent.uexp" 654
"../../../Engine/Plugins/Interchange/Runtime/Content/gltf/M_Unlit.uasset" 655
"../../../Engine/Plugins/Interchange/Runtime/Content/gltf/M_Unlit.uexp" 656
"../../../Engine/Plugins/Interchange/Runtime/Content/gltf/MaterialInstances_MR/MI_Opaque_Unlit_TS.uasset" 657
"../../../Engine/Plugins/Interchange/Runtime/Content/gltf/MaterialInstances_MR/MI_Opaque_Unlit_TS.uexp" 658
"../../../Engine/Plugins/Interchange/Runtime/Content/gltf/MaterialInstances_MR/MI_Opaque_Unlit.uasset" 659
"../../../Engine/Plugins/Interchange/Runtime/Content/gltf/MaterialInstances_MR/MI_Opaque_Unlit.uexp" 660
"../../../Engine/Plugins/Interchange/Runtime/Content/gltf/M_Opaque.uasset" 661
"../../../Engine/Plugins/Interchange/Runtime/Content/gltf/M_Opaque.uexp" 662
"../../../Engine/Plugins/Interchange/Runtime/Content/gltf/MaterialInstances_MR/MI_Opaque_TS.uasset" 663
"../../../Engine/Plugins/Interchange/Runtime/Content/gltf/MaterialInstances_MR/MI_Opaque_TS.uexp" 664
"../../../Engine/Plugins/Interchange/Runtime/Content/gltf/MaterialFunctions/MF_Sheen.uasset" 665
"../../../Engine/Plugins/Interchange/Runtime/Content/gltf/MaterialFunctions/MF_Sheen.uexp" 666
"../../../Engine/Content/Functions/Engine_MaterialFunctions01/Shading/FuzzyShading.uasset" 667
"../../../Engine/Content/Functions/Engine_MaterialFunctions01/Shading/FuzzyShading.uexp" 668
"../../../Engine/Plugins/Interchange/Runtime/Content/gltf/M_Sheen.uasset" 669
"../../../Engine/Plugins/Interchange/Runtime/Content/gltf/M_Sheen.uexp" 670
"../../../Engine/Plugins/Interchange/Runtime/Content/gltf/MaterialInstances_MR/MI_Opaque_Sheen_TS.uasset" 671
"../../../Engine/Plugins/Interchange/Runtime/Content/gltf/MaterialInstances_MR/MI_Opaque_Sheen_TS.uexp" 672
"../../../Engine/Plugins/Interchange/Runtime/Content/gltf/MaterialInstances_MR/MI_Opaque_Sheen.uasset" 673
"../../../Engine/Plugins/Interchange/Runtime/Content/gltf/MaterialInstances_MR/MI_Opaque_Sheen.uexp" 674
"../../../Engine/Plugins/Interchange/Runtime/Content/gltf/MaterialInstances_MR/MI_Opaque_ClearCoat_TS.uasset" 675
"../../../Engine/Plugins/Interchange/Runtime/Content/gltf/MaterialInstances_MR/MI_Opaque_ClearCoat_TS.uexp" 676
"../../../Engine/Plugins/Interchange/Runtime/Content/gltf/MaterialInstances_MR/MI_Opaque_ClearCoat.uasset" 677
"../../../Engine/Plugins/Interchange/Runtime/Content/gltf/MaterialInstances_MR/MI_Opaque_ClearCoat.uexp" 678
"../../../Engine/Plugins/Interchange/Runtime/Content/gltf/MaterialInstances_MR/MI_Opaque.uasset" 679
"../../../Engine/Plugins/Interchange/Runtime/Content/gltf/MaterialInstances_MR/MI_Opaque.uexp" 680
"../../../Engine/Plugins/Interchange/Runtime/Content/gltf/MaterialInstances_SG/MI_Transmission_TS.uasset" 681
"../../../Engine/Plugins/Interchange/Runtime/Content/gltf/MaterialInstances_SG/MI_Transmission_TS.uexp" 682
"../../../Engine/Plugins/Interchange/Runtime/Content/gltf/MaterialInstances_SG/MI_Transmission.uasset" 683
"../../../Engine/Plugins/Interchange/Runtime/Content/gltf/MaterialInstances_SG/MI_Transmission.uexp" 684
"../../../Engine/Plugins/Interchange/Runtime/Content/gltf/MaterialInstances_SG/MI_Translucent_TS.uasset" 685
"../../../Engine/Plugins/Interchange/Runtime/Content/gltf/MaterialInstances_SG/MI_Translucent_TS.uexp" 686
"../../../Engine/Plugins/Interchange/Runtime/Content/gltf/MaterialInstances_SG/MI_Translucent_ClearCoat_TS.uasset" 687
"../../../Engine/Plugins/Interchange/Runtime/Content/gltf/MaterialInstances_SG/MI_Translucent_ClearCoat_TS.uexp" 688
"../../../Engine/Plugins/Interchange/Runtime/Content/gltf/MaterialInstances_SG/MI_Translucent_ClearCoat.uasset" 689
"../../../Engine/Plugins/Interchange/Runtime/Content/gltf/MaterialInstances_SG/MI_Translucent_ClearCoat.uexp" 690
"../../../Engine/Plugins/Interchange/Runtime/Content/gltf/MaterialInstances_SG/MI_Translucent.uasset" 691
"../../../Engine/Plugins/Interchange/Runtime/Content/gltf/MaterialInstances_SG/MI_Translucent.uexp" 692
"../../../Engine/Plugins/Interchange/Runtime/Content/gltf/MaterialInstances_SG/MI_Opaque_TS.uasset" 693
"../../../Engine/Plugins/Interchange/Runtime/Content/gltf/MaterialInstances_SG/MI_Opaque_TS.uexp" 694
"../../../Engine/Plugins/Interchange/Runtime/Content/gltf/MaterialInstances_SG/MI_Opaque_Sheen_TS.uasset" 695
"../../../Engine/Plugins/Interchange/Runtime/Content/gltf/MaterialInstances_SG/MI_Opaque_Sheen_TS.uexp" 696
"../../../Engine/Plugins/Interchange/Runtime/Content/gltf/MaterialInstances_SG/MI_Opaque_Sheen.uasset" 697
"../../../Engine/Plugins/Interchange/Runtime/Content/gltf/MaterialInstances_SG/MI_Opaque_Sheen.uexp" 698
"../../../Engine/Plugins/Interchange/Runtime/Content/gltf/MaterialInstances_SG/MI_Opaque_ClearCoat_TS.uasset" 699
"../../../Engine/Plugins/Interchange/Runtime/Content/gltf/MaterialInstances_SG/MI_Opaque_ClearCoat_TS.uexp" 700
"../../../Engine/Plugins/Interchange/Runtime/Content/gltf/MaterialInstances_SG/MI_Opaque_ClearCoat.uasset" 701
"../../../Engine/Plugins/Interchange/Runtime/Content/gltf/MaterialInstances_SG/MI_Opaque_ClearCoat.uexp" 702
"../../../Engine/Plugins/Interchange/Runtime/Content/gltf/MaterialInstances_SG/MI_Opaque.uasset" 703
"../../../Engine/Plugins/Interchange/Runtime/Content/gltf/MaterialInstances_SG/MI_Opaque.uexp" 704
"../../../Engine/Content/Maps/Entry_BuiltData.uasset" 705
"../../../Engine/Content/Maps/Entry_BuiltData.uexp" 706
"../../../Engine/Content/Maps/Entry.uexp" 707
"../../../Engine/Content/Maps/Entry.umap" 708
"../../../Engine/Content/Maps/Templates/OpenWorld.uexp" 709
"../../../Engine/Content/Maps/Templates/OpenWorld.umap" 710
"../../../Engine/Content/Maps/Templates/OpenWorld/_Generated_/MainGrid_L0_X-3_Y-1_DL0.uexp" 711
"../../../Engine/Content/Maps/Templates/OpenWorld/_Generated_/MainGrid_L0_X-3_Y-1_DL0.ubulk" 712
"../../../Engine/Content/Maps/Templates/OpenWorld/_Generated_/MainGrid_L0_X-3_Y-1_DL0.umap" 713
"../../../Engine/Content/Maps/Templates/OpenWorld/_Generated_/MainGrid_L0_X3_Y-2_DL0.uexp" 714
"../../../Engine/Content/Maps/Templates/OpenWorld/_Generated_/MainGrid_L0_X3_Y-2_DL0.ubulk" 715
"../../../Engine/Content/Maps/Templates/OpenWorld/_Generated_/MainGrid_L0_X3_Y-2_DL0.umap" 716
"../../../Engine/Content/Maps/Templates/OpenWorld/_Generated_/MainGrid_L0_X-3_Y0_DL0.uexp" 717
"../../../Engine/Content/Maps/Templates/OpenWorld/_Generated_/MainGrid_L0_X-3_Y0_DL0.ubulk" 718
"../../../Engine/Content/Maps/Templates/OpenWorld/_Generated_/MainGrid_L0_X-3_Y0_DL0.umap" 719
"../../../Engine/Content/Maps/Templates/OpenWorld/_Generated_/MainGrid_L0_X-2_Y-3_DL0.uexp" 720
"../../../Engine/Content/Maps/Templates/OpenWorld/_Generated_/MainGrid_L0_X-2_Y-3_DL0.ubulk" 721
"../../../Engine/Content/Maps/Templates/OpenWorld/_Generated_/MainGrid_L0_X-2_Y-3_DL0.umap" 722
"../../../Engine/Content/Maps/Templates/OpenWorld/_Generated_/MainGrid_L0_X0_Y-2_DL0.uexp" 723
"../../../Engine/Content/Maps/Templates/OpenWorld/_Generated_/MainGrid_L0_X0_Y-2_DL0.ubulk" 724
"../../../Engine/Content/Maps/Templates/OpenWorld/_Generated_/MainGrid_L0_X0_Y-2_DL0.umap" 725
"../../../Engine/Content/Maps/Templates/OpenWorld/_Generated_/MainGrid_L0_X2_Y1_DL0.uexp" 726
"../../../Engine/Content/Maps/Templates/OpenWorld/_Generated_/MainGrid_L0_X2_Y1_DL0.ubulk" 727
"../../../Engine/Content/Maps/Templates/OpenWorld/_Generated_/MainGrid_L0_X2_Y1_DL0.umap" 728
"../../../Engine/Content/Maps/Templates/OpenWorld/_Generated_/MainGrid_L0_X1_Y0_DL0.uexp" 729
"../../../Engine/Content/Maps/Templates/OpenWorld/_Generated_/MainGrid_L0_X1_Y0_DL0.ubulk" 730
"../../../Engine/Content/Maps/Templates/OpenWorld/_Generated_/MainGrid_L0_X1_Y0_DL0.umap" 731
"../../../Engine/Content/Maps/Templates/OpenWorld/_Generated_/MainGrid_L0_X0_Y-4_DL0.uexp" 732
"../../../Engine/Content/Maps/Templates/OpenWorld/_Generated_/MainGrid_L0_X0_Y-4_DL0.ubulk" 733
"../../../Engine/Content/Maps/Templates/OpenWorld/_Generated_/MainGrid_L0_X0_Y-4_DL0.umap" 734
"../../../Engine/Content/Maps/Templates/OpenWorld/_Generated_/MainGrid_L0_X-3_Y-3_DL0.uexp" 735
"../../../Engine/Content/Maps/Templates/OpenWorld/_Generated_/MainGrid_L0_X-3_Y-3_DL0.ubulk" 736
"../../../Engine/Content/Maps/Templates/OpenWorld/_Generated_/MainGrid_L0_X-3_Y-3_DL0.umap" 737
"../../../Engine/Content/Maps/Templates/OpenWorld/_Generated_/MainGrid_L0_X-3_Y-4_DL0.uexp" 738
"../../../Engine/Content/Maps/Templates/OpenWorld/_Generated_/MainGrid_L0_X-3_Y-4_DL0.ubulk" 739
"../../../Engine/Content/Maps/Templates/OpenWorld/_Generated_/MainGrid_L0_X-3_Y-4_DL0.umap" 740
"../../../Engine/Content/Maps/Templates/OpenWorld/_Generated_/MainGrid_L0_X2_Y3_DL0.uexp" 741
"../../../Engine/Content/Maps/Templates/OpenWorld/_Generated_/MainGrid_L0_X2_Y3_DL0.ubulk" 742
"../../../Engine/Content/Maps/Templates/OpenWorld/_Generated_/MainGrid_L0_X2_Y3_DL0.umap" 743
"../../../Engine/Content/Maps/Templates/OpenWorld/_Generated_/MainGrid_L0_X2_Y2_DL0.uexp" 744
"../../../Engine/Content/Maps/Templates/OpenWorld/_Generated_/MainGrid_L0_X2_Y2_DL0.ubulk" 745
"../../../Engine/Content/Maps/Templates/OpenWorld/_Generated_/MainGrid_L0_X2_Y2_DL0.umap" 746
"../../../Engine/Content/Maps/Templates/OpenWorld/_Generated_/MainGrid_L0_X-4_Y1_DL0.uexp" 747
"../../../Engine/Content/Maps/Templates/OpenWorld/_Generated_/MainGrid_L0_X-4_Y1_DL0.ubulk" 748
"../../../Engine/Content/Maps/Templates/OpenWorld/_Generated_/MainGrid_L0_X-4_Y1_DL0.umap" 749
"../../../Engine/Content/Maps/Templates/OpenWorld/_Generated_/MainGrid_L0_X3_Y-1_DL0.uexp" 750
"../../../Engine/Content/Maps/Templates/OpenWorld/_Generated_/MainGrid_L0_X3_Y-1_DL0.ubulk" 751
"../../../Engine/Content/Maps/Templates/OpenWorld/_Generated_/MainGrid_L0_X3_Y-1_DL0.umap" 752
"../../../Engine/Content/Maps/Templates/OpenWorld/_Generated_/MainGrid_L0_X-4_Y2_DL0.uexp" 753
"../../../Engine/Content/Maps/Templates/OpenWorld/_Generated_/MainGrid_L0_X-4_Y2_DL0.ubulk" 754
"../../../Engine/Content/Maps/Templates/OpenWorld/_Generated_/MainGrid_L0_X-4_Y2_DL0.umap" 755
"../../../Engine/Content/Maps/Templates/OpenWorld/_Generated_/MainGrid_L0_X-3_Y1_DL0.uexp" 756
"../../../Engine/Content/Maps/Templates/OpenWorld/_Generated_/MainGrid_L0_X-3_Y1_DL0.ubulk" 757
"../../../Engine/Content/Maps/Templates/OpenWorld/_Generated_/MainGrid_L0_X-3_Y1_DL0.umap" 758
"../../../Engine/Content/Maps/Templates/OpenWorld/_Generated_/MainGrid_L0_X-1_Y2_DL0.uexp" 759
"../../../Engine/Content/Maps/Templates/OpenWorld/_Generated_/MainGrid_L0_X-1_Y2_DL0.ubulk" 760
"../../../Engine/Content/Maps/Templates/OpenWorld/_Generated_/MainGrid_L0_X-1_Y2_DL0.umap" 761
"../../../Engine/Content/Maps/Templates/OpenWorld/_Generated_/MainGrid_L0_X2_Y-1_DL0.uexp" 762
"../../../Engine/Content/Maps/Templates/OpenWorld/_Generated_/MainGrid_L0_X2_Y-1_DL0.ubulk" 763
"../../../Engine/Content/Maps/Templates/OpenWorld/_Generated_/MainGrid_L0_X2_Y-1_DL0.umap" 764
"../../../Engine/Content/Maps/Templates/OpenWorld/_Generated_/MainGrid_L0_X3_Y-3_DL0.uexp" 765
"../../../Engine/Content/Maps/Templates/OpenWorld/_Generated_/MainGrid_L0_X3_Y-3_DL0.ubulk" 766
"../../../Engine/Content/Maps/Templates/OpenWorld/_Generated_/MainGrid_L0_X3_Y-3_DL0.umap" 767
"../../../Engine/Content/Maps/Templates/OpenWorld/_Generated_/MainGrid_L0_X3_Y-4_DL0.uexp" 768
"../../../Engine/Content/Maps/Templates/OpenWorld/_Generated_/MainGrid_L0_X3_Y-4_DL0.ubulk" 769
"../../../Engine/Content/Maps/Templates/OpenWorld/_Generated_/MainGrid_L0_X3_Y-4_DL0.umap" 770
"../../../Engine/Content/Maps/Templates/OpenWorld/_Generated_/MainGrid_L0_X-1_Y-4_DL0.uexp" 771
"../../../Engine/Content/Maps/Templates/OpenWorld/_Generated_/MainGrid_L0_X-1_Y-4_DL0.ubulk" 772
"../../../Engine/Content/Maps/Templates/OpenWorld/_Generated_/MainGrid_L0_X-1_Y-4_DL0.umap" 773
"../../../Engine/Content/Maps/Templates/OpenWorld/_Generated_/MainGrid_L0_X-1_Y-3_DL0.uexp" 774
"../../../Engine/Content/Maps/Templates/OpenWorld/_Generated_/MainGrid_L0_X-1_Y-3_DL0.ubulk" 775
"../../../Engine/Content/Maps/Templates/OpenWorld/_Generated_/MainGrid_L0_X-1_Y-3_DL0.umap" 776
"../../../Engine/Content/Maps/Templates/OpenWorld/_Generated_/MainGrid_L0_X0_Y1_DL0.uexp" 777
"../../../Engine/Content/Maps/Templates/OpenWorld/_Generated_/MainGrid_L0_X0_Y1_DL0.ubulk" 778
"../../../Engine/Content/Maps/Templates/OpenWorld/_Generated_/MainGrid_L0_X0_Y1_DL0.umap" 779
"../../../Engine/Content/Maps/Templates/OpenWorld/_Generated_/MainGrid_L0_X-1_Y0_DL0.uexp" 780
"../../../Engine/Content/Maps/Templates/OpenWorld/_Generated_/MainGrid_L0_X-1_Y0_DL0.ubulk" 781
"../../../Engine/Content/Maps/Templates/OpenWorld/_Generated_/MainGrid_L0_X-1_Y0_DL0.umap" 782
"../../../Engine/Content/Maps/Templates/OpenWorld/_Generated_/MainGrid_L0_X3_Y2_DL0.uexp" 783
"../../../Engine/Content/Maps/Templates/OpenWorld/_Generated_/MainGrid_L0_X3_Y2_DL0.ubulk" 784
"../../../Engine/Content/Maps/Templates/OpenWorld/_Generated_/MainGrid_L0_X3_Y2_DL0.umap" 785
"../../../Engine/Content/Maps/Templates/OpenWorld/_Generated_/MainGrid_L0_X-2_Y-1_DL0.uexp" 786
"../../../Engine/Content/Maps/Templates/OpenWorld/_Generated_/MainGrid_L0_X-2_Y-1_DL0.ubulk" 787
"../../../Engine/Content/Maps/Templates/OpenWorld/_Generated_/MainGrid_L0_X-2_Y-1_DL0.umap" 788
"../../../Engine/Content/Maps/Templates/OpenWorld/_Generated_/MainGrid_L0_X-4_Y-4_DL0.uexp" 789
"../../../Engine/Content/Maps/Templates/OpenWorld/_Generated_/MainGrid_L0_X-4_Y-4_DL0.ubulk" 790
"../../../Engine/Content/Maps/Templates/OpenWorld/_Generated_/MainGrid_L0_X-4_Y-4_DL0.umap" 791
"../../../Engine/Content/Maps/Templates/OpenWorld/_Generated_/MainGrid_L0_X2_Y0_DL0.uexp" 792
"../../../Engine/Content/Maps/Templates/OpenWorld/_Generated_/MainGrid_L0_X2_Y0_DL0.ubulk" 793
"../../../Engine/Content/Maps/Templates/OpenWorld/_Generated_/MainGrid_L0_X2_Y0_DL0.umap" 794
"../../../Engine/Content/Maps/Templates/OpenWorld/_Generated_/MainGrid_L0_X-2_Y1_DL0.uexp" 795
"../../../Engine/Content/Maps/Templates/OpenWorld/_Generated_/MainGrid_L0_X-2_Y1_DL0.ubulk" 796
"../../../Engine/Content/Maps/Templates/OpenWorld/_Generated_/MainGrid_L0_X-2_Y1_DL0.umap" 797
"../../../Engine/Content/Maps/Templates/OpenWorld/_Generated_/MainGrid_L0_X1_Y-1_DL0.uexp" 798
"../../../Engine/Content/Maps/Templates/OpenWorld/_Generated_/MainGrid_L0_X1_Y-1_DL0.ubulk" 799
"../../../Engine/Content/Maps/Templates/OpenWorld/_Generated_/MainGrid_L0_X1_Y-1_DL0.umap" 800
"../../../Engine/Content/Maps/Templates/OpenWorld/_Generated_/MainGrid_L0_X-2_Y3_DL0.uexp" 801
"../../../Engine/Content/Maps/Templates/OpenWorld/_Generated_/MainGrid_L0_X-2_Y3_DL0.ubulk" 802
"../../../Engine/Content/Maps/Templates/OpenWorld/_Generated_/MainGrid_L0_X-2_Y3_DL0.umap" 803
"../../../Engine/Content/Maps/Templates/OpenWorld/_Generated_/MainGrid_L0_X-2_Y0_DL0.uexp" 804
"../../../Engine/Content/Maps/Templates/OpenWorld/_Generated_/MainGrid_L0_X-2_Y0_DL0.ubulk" 805
"../../../Engine/Content/Maps/Templates/OpenWorld/_Generated_/MainGrid_L0_X-2_Y0_DL0.umap" 806
"../../../Engine/Content/Maps/Templates/OpenWorld/_Generated_/MainGrid_L0_X1_Y-4_DL0.uexp" 807
"../../../Engine/Content/Maps/Templates/OpenWorld/_Generated_/MainGrid_L0_X1_Y-4_DL0.ubulk" 808
"../../../Engine/Content/Maps/Templates/OpenWorld/_Generated_/MainGrid_L0_X1_Y-4_DL0.umap" 809
"../../../Engine/Content/Maps/Templates/OpenWorld/_Generated_/MainGrid_L0_X-4_Y-1_DL0.uexp" 810
"../../../Engine/Content/Maps/Templates/OpenWorld/_Generated_/MainGrid_L0_X-4_Y-1_DL0.ubulk" 811
"../../../Engine/Content/Maps/Templates/OpenWorld/_Generated_/MainGrid_L0_X-4_Y-1_DL0.umap" 812
"../../../Engine/Content/Maps/Templates/OpenWorld/_Generated_/MainGrid_L0_X-4_Y-2_DL0.uexp" 813
"../../../Engine/Content/Maps/Templates/OpenWorld/_Generated_/MainGrid_L0_X-4_Y-2_DL0.ubulk" 814
"../../../Engine/Content/Maps/Templates/OpenWorld/_Generated_/MainGrid_L0_X-4_Y-2_DL0.umap" 815
"../../../Engine/Content/Maps/Templates/OpenWorld/_Generated_/MainGrid_L0_X-1_Y-2_DL0.uexp" 816
"../../../Engine/Content/Maps/Templates/OpenWorld/_Generated_/MainGrid_L0_X-1_Y-2_DL0.ubulk" 817
"../../../Engine/Content/Maps/Templates/OpenWorld/_Generated_/MainGrid_L0_X-1_Y-2_DL0.umap" 818
"../../../Engine/Content/Maps/Templates/OpenWorld/_Generated_/MainGrid_L0_X-2_Y2_DL0.uexp" 819
"../../../Engine/Content/Maps/Templates/OpenWorld/_Generated_/MainGrid_L0_X-2_Y2_DL0.ubulk" 820
"../../../Engine/Content/Maps/Templates/OpenWorld/_Generated_/MainGrid_L0_X-2_Y2_DL0.umap" 821
"../../../Engine/Content/Maps/Templates/OpenWorld/_Generated_/MainGrid_L0_X-3_Y2_DL0.uexp" 822
"../../../Engine/Content/Maps/Templates/OpenWorld/_Generated_/MainGrid_L0_X-3_Y2_DL0.ubulk" 823
"../../../Engine/Content/Maps/Templates/OpenWorld/_Generated_/MainGrid_L0_X-3_Y2_DL0.umap" 824
"../../../Engine/Content/Maps/Templates/OpenWorld/_Generated_/MainGrid_L0_X1_Y-3_DL0.uexp" 825
"../../../Engine/Content/Maps/Templates/OpenWorld/_Generated_/MainGrid_L0_X1_Y-3_DL0.ubulk" 826
"../../../Engine/Content/Maps/Templates/OpenWorld/_Generated_/MainGrid_L0_X1_Y-3_DL0.umap" 827
"../../../Engine/Content/Maps/Templates/OpenWorld/_Generated_/MainGrid_L0_X-1_Y-1_DL0.uexp" 828
"../../../Engine/Content/Maps/Templates/OpenWorld/_Generated_/MainGrid_L0_X-1_Y-1_DL0.ubulk" 829
"../../../Engine/Content/Maps/Templates/OpenWorld/_Generated_/MainGrid_L0_X-1_Y-1_DL0.umap" 830
"../../../Engine/Content/Maps/Templates/OpenWorld/_Generated_/MainGrid_L0_X-3_Y3_DL0.uexp" 831
"../../../Engine/Content/Maps/Templates/OpenWorld/_Generated_/MainGrid_L0_X-3_Y3_DL0.ubulk" 832
"../../../Engine/Content/Maps/Templates/OpenWorld/_Generated_/MainGrid_L0_X-3_Y3_DL0.umap" 833
"../../../Engine/Content/Maps/Templates/OpenWorld/_Generated_/MainGrid_L0_X3_Y3_DL0.uexp" 834
"../../../Engine/Content/Maps/Templates/OpenWorld/_Generated_/MainGrid_L0_X3_Y3_DL0.ubulk" 835
"../../../Engine/Content/Maps/Templates/OpenWorld/_Generated_/MainGrid_L0_X3_Y3_DL0.umap" 836
"../../../Engine/Content/Maps/Templates/OpenWorld/_Generated_/MainGrid_L0_X0_Y0_DL0.uexp" 837
"../../../Engine/Content/Maps/Templates/OpenWorld/_Generated_/MainGrid_L0_X0_Y0_DL0.ubulk" 838
"../../../Engine/Content/Maps/Templates/OpenWorld/_Generated_/MainGrid_L0_X0_Y0_DL0.umap" 839
"../../../Engine/Content/Maps/Templates/OpenWorld/_Generated_/MainGrid_L0_X-4_Y3_DL0.uexp" 840
"../../../Engine/Content/Maps/Templates/OpenWorld/_Generated_/MainGrid_L0_X-4_Y3_DL0.ubulk" 841
"../../../Engine/Content/Maps/Templates/OpenWorld/_Generated_/MainGrid_L0_X-4_Y3_DL0.umap" 842
"../../../Engine/Content/Maps/Templates/OpenWorld/_Generated_/MainGrid_L0_X1_Y2_DL0.uexp" 843
"../../../Engine/Content/Maps/Templates/OpenWorld/_Generated_/MainGrid_L0_X1_Y2_DL0.ubulk" 844
"../../../Engine/Content/Maps/Templates/OpenWorld/_Generated_/MainGrid_L0_X1_Y2_DL0.umap" 845
"../../../Engine/Content/Maps/Templates/OpenWorld/_Generated_/MainGrid_L0_X3_Y1_DL0.uexp" 846
"../../../Engine/Content/Maps/Templates/OpenWorld/_Generated_/MainGrid_L0_X3_Y1_DL0.ubulk" 847
"../../../Engine/Content/Maps/Templates/OpenWorld/_Generated_/MainGrid_L0_X3_Y1_DL0.umap" 848
"../../../Engine/Content/Maps/Templates/OpenWorld/_Generated_/MainGrid_L0_X1_Y1_DL0.uexp" 849
"../../../Engine/Content/Maps/Templates/OpenWorld/_Generated_/MainGrid_L0_X1_Y1_DL0.ubulk" 850
"../../../Engine/Content/Maps/Templates/OpenWorld/_Generated_/MainGrid_L0_X1_Y1_DL0.umap" 851
"../../../Engine/Content/Maps/Templates/OpenWorld/_Generated_/MainGrid_L0_X-3_Y-2_DL0.uexp" 852
"../../../Engine/Content/Maps/Templates/OpenWorld/_Generated_/MainGrid_L0_X-3_Y-2_DL0.ubulk" 853
"../../../Engine/Content/Maps/Templates/OpenWorld/_Generated_/MainGrid_L0_X-3_Y-2_DL0.umap" 854
"../../../Engine/Content/Maps/Templates/OpenWorld/_Generated_/MainGrid_L0_X-4_Y-3_DL0.uexp" 855
"../../../Engine/Content/Maps/Templates/OpenWorld/_Generated_/MainGrid_L0_X-4_Y-3_DL0.ubulk" 856
"../../../Engine/Content/Maps/Templates/OpenWorld/_Generated_/MainGrid_L0_X-4_Y-3_DL0.umap" 857
"../../../Engine/Content/Maps/Templates/OpenWorld/_Generated_/MainGrid_L0_X0_Y-3_DL0.uexp" 858
"../../../Engine/Content/Maps/Templates/OpenWorld/_Generated_/MainGrid_L0_X0_Y-3_DL0.ubulk" 859
"../../../Engine/Content/Maps/Templates/OpenWorld/_Generated_/MainGrid_L0_X0_Y-3_DL0.umap" 860
"../../../Engine/Content/Maps/Templates/OpenWorld/_Generated_/MainGrid_L0_X2_Y-3_DL0.uexp" 861
"../../../Engine/Content/Maps/Templates/OpenWorld/_Generated_/MainGrid_L0_X2_Y-3_DL0.ubulk" 862
"../../../Engine/Content/Maps/Templates/OpenWorld/_Generated_/MainGrid_L0_X2_Y-3_DL0.umap" 863
"../../../Engine/Content/Maps/Templates/OpenWorld/_Generated_/MainGrid_L0_X0_Y-1_DL0.uexp" 864
"../../../Engine/Content/Maps/Templates/OpenWorld/_Generated_/MainGrid_L0_X0_Y-1_DL0.ubulk" 865
"../../../Engine/Content/Maps/Templates/OpenWorld/_Generated_/MainGrid_L0_X0_Y-1_DL0.umap" 866
"../../../Engine/Content/Maps/Templates/OpenWorld/_Generated_/MainGrid_L0_X-4_Y0_DL0.uexp" 867
"../../../Engine/Content/Maps/Templates/OpenWorld/_Generated_/MainGrid_L0_X-4_Y0_DL0.ubulk" 868
"../../../Engine/Content/Maps/Templates/OpenWorld/_Generated_/MainGrid_L0_X-4_Y0_DL0.umap" 869
"../../../Engine/Content/Maps/Templates/OpenWorld/_Generated_/MainGrid_L0_X-1_Y3_DL0.uexp" 870
"../../../Engine/Content/Maps/Templates/OpenWorld/_Generated_/MainGrid_L0_X-1_Y3_DL0.ubulk" 871
"../../../Engine/Content/Maps/Templates/OpenWorld/_Generated_/MainGrid_L0_X-1_Y3_DL0.umap" 872
"../../../Engine/Content/Maps/Templates/OpenWorld/_Generated_/MainGrid_L0_X3_Y0_DL0.uexp" 873
"../../../Engine/Content/Maps/Templates/OpenWorld/_Generated_/MainGrid_L0_X3_Y0_DL0.ubulk" 874
"../../../Engine/Content/Maps/Templates/OpenWorld/_Generated_/MainGrid_L0_X3_Y0_DL0.umap" 875
"../../../Engine/Content/Maps/Templates/OpenWorld/_Generated_/MainGrid_L0_X0_Y2_DL0.uexp" 876
"../../../Engine/Content/Maps/Templates/OpenWorld/_Generated_/MainGrid_L0_X0_Y2_DL0.ubulk" 877
"../../../Engine/Content/Maps/Templates/OpenWorld/_Generated_/MainGrid_L0_X0_Y2_DL0.umap" 878
"../../../Engine/Content/Maps/Templates/OpenWorld/_Generated_/MainGrid_L0_X-1_Y1_DL0.uexp" 879
"../../../Engine/Content/Maps/Templates/OpenWorld/_Generated_/MainGrid_L0_X-1_Y1_DL0.ubulk" 880
"../../../Engine/Content/Maps/Templates/OpenWorld/_Generated_/MainGrid_L0_X-1_Y1_DL0.umap" 881
"../../../Engine/Content/Maps/Templates/OpenWorld/_Generated_/MainGrid_L0_X2_Y-4_DL0.uexp" 882
"../../../Engine/Content/Maps/Templates/OpenWorld/_Generated_/MainGrid_L0_X2_Y-4_DL0.ubulk" 883
"../../../Engine/Content/Maps/Templates/OpenWorld/_Generated_/MainGrid_L0_X2_Y-4_DL0.umap" 884
"../../../Engine/Content/Maps/Templates/OpenWorld/_Generated_/MainGrid_L0_X2_Y-2_DL0.uexp" 885
"../../../Engine/Content/Maps/Templates/OpenWorld/_Generated_/MainGrid_L0_X2_Y-2_DL0.ubulk" 886
"../../../Engine/Content/Maps/Templates/OpenWorld/_Generated_/MainGrid_L0_X2_Y-2_DL0.umap" 887
"../../../Engine/Content/Maps/Templates/OpenWorld/_Generated_/MainGrid_L0_X1_Y-2_DL0.uexp" 888
"../../../Engine/Content/Maps/Templates/OpenWorld/_Generated_/MainGrid_L0_X1_Y-2_DL0.ubulk" 889
"../../../Engine/Content/Maps/Templates/OpenWorld/_Generated_/MainGrid_L0_X1_Y-2_DL0.umap" 890
"../../../Engine/Content/Maps/Templates/OpenWorld/_Generated_/MainGrid_L0_X1_Y3_DL0.uexp" 891
"../../../Engine/Content/Maps/Templates/OpenWorld/_Generated_/MainGrid_L0_X1_Y3_DL0.ubulk" 892
"../../../Engine/Content/Maps/Templates/OpenWorld/_Generated_/MainGrid_L0_X1_Y3_DL0.umap" 893
"../../../Engine/Content/Maps/Templates/OpenWorld/_Generated_/MainGrid_L0_X0_Y3_DL0.uexp" 894
"../../../Engine/Content/Maps/Templates/OpenWorld/_Generated_/MainGrid_L0_X0_Y3_DL0.ubulk" 895
"../../../Engine/Content/Maps/Templates/OpenWorld/_Generated_/MainGrid_L0_X0_Y3_DL0.umap" 896
"../../../Engine/Content/Maps/Templates/OpenWorld/_Generated_/MainGrid_L0_X-2_Y-2_DL0.uexp" 897
"../../../Engine/Content/Maps/Templates/OpenWorld/_Generated_/MainGrid_L0_X-2_Y-2_DL0.ubulk" 898
"../../../Engine/Content/Maps/Templates/OpenWorld/_Generated_/MainGrid_L0_X-2_Y-2_DL0.umap" 899
"../../../Engine/Content/Maps/Templates/OpenWorld/_Generated_/MainGrid_L0_X-2_Y-4_DL0.uexp" 900
"../../../Engine/Content/Maps/Templates/OpenWorld/_Generated_/MainGrid_L0_X-2_Y-4_DL0.ubulk" 901
"../../../Engine/Content/Maps/Templates/OpenWorld/_Generated_/MainGrid_L0_X-2_Y-4_DL0.umap" 902
